<html>
<body>
<pre>
<h1>µVision Build Log</h1>
<h2>Tool Versions:</h2>
IDE-Version: µVision V5.15
Copyright (C) 2015 ARM Ltd and ARM Germany GmbH. All rights reserved.
License Information: McGill USER McGill University Flex license: MDK-ARM Professional: 100 user(s) (mdk_pro) Operation stops: 31 Aug 2017
 
Tool Versions:
Toolchain:       MDK-ARM Professional: 100 user(s)  Version: 5.15.0
Toolchain Path:  C:\McGill\Software_Install\EDU\Keil_v5\ARM\ARMCC\Bin
C Compiler:      Armcc.exe V5.05 update 2 (build 169)
Assembler:       Armasm.exe V5.05 update 2 (build 169)
Linker/Locator:  ArmLink.exe V5.05 update 2 (build 169)
Library Manager: ArmAr.exe V5.05 update 2 (build 169)
Hex Converter:   FromElf.exe V5.05 update 2 (build 169)
CPU DLL:         SARMCM3.DLL V5.15.0
Dialog DLL:      DCM.DLL V1.13.2.0
Target DLL:      STLink\ST-LINKIII-KEIL_SWO.dll V2.0.15.0_KEIL
Dialog DLL:      TCM.DLL V1.14.5.0
 
<h2>Project:</h2>
P:\uP\LAB2\MDK-ARM\LAB2.uvprojx
Project File Date:  02/17/2017

<h2>Output:</h2>
*** Using Compiler 'V5.05 update 2 (build 169)', folder: 'C:\McGill\Software_Install\EDU\Keil_v5\ARM\ARMCC\Bin'
Build target 'LAB2 Configuration'
compiling main.c...
../Inc/dma.h(18): warning:  #1-D: last line of file ends without a newline
  #endif /*__ dma_H */
../Src/main.c(166): warning:  #1035-D: single-precision operand implicitly converted to double-precision
                        temp_actual = (temp_signal - 0.76)*400 + 25;
../Src/main.c(175): warning:  #1035-D: single-precision operand implicitly converted to double-precision
                        temp_f = heatFiltered * 1.8 + 32;
../Src/main.c(230): warning:  #940-D: missing return statement at end of non-void function "number_display"
  }
../Src/main.c(240): warning:  #1035-D: single-precision operand implicitly converted to double-precision
        float num = 1.0/(float)length;
../Src/main.c: 5 warnings, 0 errors
linking...
Program Size: Code=9884 RO-data=440 RW-data=48 ZI-data=1552  
"LAB2 Configuration/\uP_lab2.axf" - 0 Error(s), 5 Warning(s).

<h2>Software Packages used:</h2>

Package Vendor: ARM
                http://www.keil.com/pack/ARM.CMSIS.5.0.0.pack
                ARM::CMSIS:CORE:5.0.0
                CMSIS (Cortex Microcontroller Software Interface Standard)
   * Component: CORE Version: 5.0.0

<h2>Collection of Component include folders:</h2>
  P:\uP\LAB2\MDK-ARM\RTE
  C:\McGill\Software_Install\EDU\Keil_v5\ARM\PACK\ARM\CMSIS\5.0.0\CMSIS\Include
  C:\McGill\Software_Install\EDU\Keil_v5\ARM\PACK\Keil\STM32F4xx_DFP\2.11.0\Drivers\CMSIS\Device\ST\STM32F4xx\Include

<h2>Collection of Component Files used:</h2>

   * Component: ARM::CMSIS:CORE:5.0.0
</pre>
</body>
</html>
