Component: ARM Compiler 5.05 update 2 (build 169) Tool: armlink [4d0f33]

==============================================================================

Section Cross References

    main.o(.text) refers to stm32f4xx_hal_rcc.o(.text) for HAL_RCC_OscConfig
    main.o(.text) refers to rt_cmsis.o(i.osKernelInitialize) for osKernelInitialize
    main.o(.text) refers to stm32f4xx_hal.o(.text) for HAL_Init
    main.o(.text) refers to timer.o(.text) for initTim3
    main.o(.text) refers to keyboard.o(.text) for enableKB
    main.o(.text) refers to accel_thread.o(.text) for start_Thread_accel
    main.o(.text) refers to temp_thread.o(.text) for start_Thread_temp
    main.o(.text) refers to rt_cmsis.o(i.osKernelStart) for osKernelStart
    main.o(.text) refers to rt_time.o(.data) for os_time
    thread_led.o(.text) refers to rt_cmsis.o(i.osThreadCreate) for osThreadCreate
    thread_led.o(.text) refers to rt_cmsis.o(i.osDelay) for osDelay
    thread_led.o(.text) refers to stm32f4xx_hal_gpio.o(.text) for HAL_GPIO_TogglePin
    thread_led.o(.text) refers to thread_led.o(.constdata) for os_thread_def_Thread_LED
    thread_led.o(.text) refers to thread_led.o(.data) for tid_Thread_LED
    thread_led.o(.text) refers to thread_led.o(.bss) for LED_configuration
    thread_led.o(.constdata) refers to thread_led.o(.text) for Thread_LED
    supporting_functions.o(.text) refers to printf1.o(i.__0printf$1) for __2printf
    timer.o(.text) refers to stm32f4xx_hal_gpio.o(.text) for HAL_GPIO_Init
    timer.o(.text) refers to memcpya.o(.text) for __aeabi_memcpy4
    timer.o(.text) refers to stm32f4xx_hal_tim.o(.text) for HAL_TIM_PWM_Init
    timer.o(.text) refers to stm32f4xx_hal_cortex.o(.text) for HAL_NVIC_SetPriority
    timer.o(.text) refers to timer.o(.bss) for tim4Config
    timer.o(.text) refers to timer.o(.data) for period
    stm32fxx_it.o(.text) refers to stm32f4xx_hal_tim.o(.text) for HAL_TIM_IRQHandler
    stm32fxx_it.o(.text) refers to stm32f4xx_hal_gpio.o(.text) for HAL_GPIO_EXTI_IRQHandler
    stm32fxx_it.o(.text) refers to timer.o(.bss) for tim3handle
    stm32fxx_it.o(.text) refers to keyboard.o(.data) for KB_counter
    stm32fxx_it.o(.text) refers to temp_thread.o(.data) for DoADC
    stm32fxx_it.o(.text) refers to gpio.o(.data) for LEDtimer
    stm32fxx_it.o(.text) refers to accel_thread.o(.data) for accelReadFlag
    accelerometer.o(.text) refers to lis3dsh.o(.text) for LIS3DSH_Write
    accelerometer.o(.text) refers to stm32f4xx_hal_cortex.o(.text) for HAL_NVIC_SetPriority
    accelerometer.o(.text) refers to memseta.o(.text) for __aeabi_memclr4
    accelerometer.o(.text) refers to sqrtf.o(i.__hardfp_sqrtf) for __hardfp_sqrtf
    accelerometer.o(.text) refers to atan2f.o(i.__hardfp_atan2f) for __hardfp_atan2f
    accelerometer.o(.text) refers to accelerometer.o(.data) for ACCEL_NEW_DATA
    gpio.o(.text) refers to stm32f4xx_hal_gpio.o(.text) for HAL_GPIO_Init
    gpio.o(.text) refers to stm32f4xx_hal_cortex.o(.text) for HAL_NVIC_SetPriority
    gpio.o(.text) refers to rt_cmsis.o(i.osDelay) for osDelay
    gpio.o(.text) refers to temp_thread.o(.text) for number_display
    gpio.o(.text) refers to gpio.o(.bss) for GPIOE_Pins
    gpio.o(.text) refers to gpio.o(.data) for overtemp
    accel_thread.o(.text) refers to rt_cmsis.o(i.osThreadCreate) for osThreadCreate
    accel_thread.o(.text) refers to f2d.o(.text) for __aeabi_f2d
    accel_thread.o(.text) refers to ddiv.o(.text) for __aeabi_ddiv
    accel_thread.o(.text) refers to dmul.o(.text) for __aeabi_dmul
    accel_thread.o(.text) refers to d2f.o(.text) for __aeabi_d2f
    accel_thread.o(.text) refers to sqrt.o(i.__hardfp_sqrt) for __hardfp_sqrt
    accel_thread.o(.text) refers to atan.o(i.__hardfp_atan) for __hardfp_atan
    accel_thread.o(.text) refers to timer.o(.text) for initPWM
    accel_thread.o(.text) refers to accelerometer.o(.text) for Accel_Init
    accel_thread.o(.text) refers to rt_cmsis.o(i.osDelay) for osDelay
    accel_thread.o(.text) refers to keyboard.o(.text) for checkForKey
    accel_thread.o(.text) refers to lis3dsh.o(.text) for LIS3DSH_ReadACC
    accel_thread.o(.text) refers to dadd.o(.text) for __aeabi_drsub
    accel_thread.o(.text) refers to accel_thread.o(.constdata) for os_thread_def_accel_thread
    accel_thread.o(.text) refers to accel_thread.o(.data) for tid_Thread_accel
    accel_thread.o(.text) refers to accel_thread.o(.bss) for calib_axel
    accel_thread.o(.text) refers to keyboard.o(.data) for KB_counter
    accel_thread.o(.constdata) refers to accel_thread.o(.text) for accel_thread
    keyboard.o(.text) refers to stm32f4xx_hal_gpio.o(.text) for HAL_GPIO_Init
    keyboard.o(.text) refers to printf1.o(i.__0printf$1) for __2printf
    keyboard.o(.text) refers to keyboard.o(.bss) for kbPinsOut
    keyboard.o(.text) refers to keyboard.o(.data) for numDigits
    keyboard.o(.text) refers to accel_thread.o(.data) for targetPitch
[...]
    _main_cpp_init                           0x08000191   Thumb Code     0  entry8b.o(.ARM.Collect$$$$0000000A)
    _main_init                               0x08000191   Thumb Code    18  rtx_conf_cm.o(.ARM.Collect$$$$000000FF)
    rt_set_PSP                               0x080001ad   Thumb Code     6  hal_cm4.o(.emb_text)
    rt_get_PSP                               0x080001b3   Thumb Code     6  hal_cm4.o(.emb_text)
    os_set_env                               0x080001b9   Thumb Code    24  hal_cm4.o(.emb_text)
    _alloc_box                               0x080001d5   Thumb Code    28  hal_cm4.o(.emb_text)
    _free_box                                0x080001f5   Thumb Code    28  hal_cm4.o(.emb_text)
    SVC_Handler                              0x08000215   Thumb Code   168  hal_cm4.o(.emb_text)
    PendSV_Handler                           0x080002cd   Thumb Code    96  hal_cm4.o(.emb_text)
    SysTick_Handler                          0x08000331   Thumb Code     8  hal_cm4.o(.emb_text)
    OS_Tick_Handler                          0x08000339   Thumb Code    12  hal_cm4.o(.emb_text)
    HAL_GetTick                              0x08000345   Thumb Code     6  main.o(.text)
    SystemClock_Config                       0x0800034b   Thumb Code   142  main.o(.text)
    main                                     0x080003d9   Thumb Code    38  main.o(.text)
    HAL_TIM_PWM_MspInit                      0x0800040d   Thumb Code   104  timer.o(.text)
    initPWM                                  0x08000475   Thumb Code   136  timer.o(.text)
    HAL_TIM_Base_MspInit                     0x080004fd   Thumb Code    36  timer.o(.text)
    initTim3                                 0x08000521   Thumb Code    64  timer.o(.text)
    setLedIntensity                          0x08000561   Thumb Code    40  timer.o(.text)
    setLedIntensityPitch                     0x08000589   Thumb Code    56  timer.o(.text)
    setLedIntensityRoll                      0x080005c1   Thumb Code    56  timer.o(.text)
    TIM3_IRQHandler                          0x0800061d   Thumb Code    10  stm32fxx_it.o(.text)
    HAL_TIM_PeriodElapsedCallback            0x08000627   Thumb Code    52  stm32fxx_it.o(.text)
    EXTI0_IRQHandler                         0x0800065b   Thumb Code    10  stm32fxx_it.o(.text)
    HAL_GPIO_EXTI_Callback                   0x08000665   Thumb Code     8  stm32fxx_it.o(.text)
    NMI_Handler                              0x0800066d   Thumb Code     2  stm32fxx_it.o(.text)
    HardFault_Handler                        0x0800066f   Thumb Code     4  stm32fxx_it.o(.text)
    MemManage_Handler                        0x08000673   Thumb Code     4  stm32fxx_it.o(.text)
    BusFault_Handler                         0x08000677   Thumb Code     4  stm32fxx_it.o(.text)
    UsageFault_Handler                       0x0800067b   Thumb Code     4  stm32fxx_it.o(.text)
    DebugMon_Handler                         0x0800067f   Thumb Code     2  stm32fxx_it.o(.text)
    Accel_Init                               0x0800069d   Thumb Code    98  accelerometer.o(.text)
    Accel_Read                               0x080006ff   Thumb Code    40  accelerometer.o(.text)
    Accel_Calib                              0x08000727   Thumb Code   186  accelerometer.o(.text)
    Accel_ClearData                          0x080007e1   Thumb Code     8  accelerometer.o(.text)
    Accel_Callback                           0x080007e9   Thumb Code     8  accelerometer.o(.text)
    Accel_NewData                            0x080007f1   Thumb Code     6  accelerometer.o(.text)
    Accel_TiltAng                            0x080007f7   Thumb Code   116  accelerometer.o(.text)
    GPIO_Init                                0x0800087d   Thumb Code   118  gpio.o(.text)
    GPIO_initialize                          0x080008f3   Thumb Code   150  gpio.o(.text)
    segClearAll                              0x08000989   Thumb Code    44  gpio.o(.text)
    LED_display                              0x080009b5   Thumb Code   368  gpio.o(.text)
    start_Thread_accel                       0x08000b41   Thumb Code    30  accel_thread.o(.text)
    judgeDuty                                0x08000b5f   Thumb Code    96  accel_thread.o(.text)
    getRoll                                  0x08000bbf   Thumb Code   132  accel_thread.o(.text)
    rad2deg                                  0x08000c43   Thumb Code    62  accel_thread.o(.text)
    getPitch                                 0x08000c81   Thumb Code   132  accel_thread.o(.text)
    filter                                   0x08000d05   Thumb Code   102  accel_thread.o(.text)
    getCalibAccel                            0x08000d6b   Thumb Code    92  accel_thread.o(.text)
    accel_thread                             0x08000dc7   Thumb Code   462  accel_thread.o(.text)
    initKB                                   0x08000f95   Thumb Code    68  keyboard.o(.text)
    enableKB                                 0x08000fd9   Thumb Code    40  keyboard.o(.text)
    debugKBPins                              0x08001001   Thumb Code    66  keyboard.o(.text)
    KB_ResetAll                              0x08001043   Thumb Code    18  keyboard.o(.text)
    powten                                   0x08001055   Thumb Code    28  keyboard.o(.text)
    calcNum                                  0x08001071   Thumb Code    82  keyboard.o(.text)
    processInput                             0x080010c3   Thumb Code   262  keyboard.o(.text)
    handleKeyPress                           0x080011c9   Thumb Code   242  keyboard.o(.text)
    checkForKey                              0x080012bb   Thumb Code   332  keyboard.o(.text)
    switchThread                             0x08001407   Thumb Code    68  keyboard.o(.text)
    ADC_ERROR                                0x08001461   Thumb Code    44  adc.o(.text)
    ADC_initialize                           0x0800148d   Thumb Code   126  adc.o(.text)
    HAL_ADC_MspInit                          0x0800150b   Thumb Code    36  adc.o(.text)
    start_Thread_temp                        0x08001595   Thumb Code    30  temp_thread.o(.text)
    FIR_filter                               0x080015b3   Thumb Code    52  temp_thread.o(.text)
    shiftLeft                                0x080015e7   Thumb Code    34  temp_thread.o(.text)
    tempGuard                                0x08001609   Thumb Code    44  temp_thread.o(.text)
    generateCoeffs                           0x08001635   Thumb Code    82  temp_thread.o(.text)
    temp_thread                              0x08001687   Thumb Code   460  temp_thread.o(.text)
    number_display                           0x08001853   Thumb Code    84  temp_thread.o(.text)
    SPI_ReceiveData                          0x08001939   Thumb Code    10  lis3dsh.o(.text)
    LIS3DSH_TIMEOUT_UserCallback             0x08001943   Thumb Code     4  lis3dsh.o(.text)
    SPI_SendData                             0x08001947   Thumb Code     6  lis3dsh.o(.text)
    LIS3DSH_Write                            0x080019b9   Thumb Code    62  lis3dsh.o(.text)
    LIS3DSH_Init                             0x080019f7   Thumb Code   170  lis3dsh.o(.text)
    LIS3DSH_Read                             0x08001aa1   Thumb Code    70  lis3dsh.o(.text)
    LIS3DSH_DataReadyInterruptConfig         0x08001ae7   Thumb Code    42  lis3dsh.o(.text)
    LIS3DSH_LowpowerCmd                      0x08001b11   Thumb Code    40  lis3dsh.o(.text)
    LIS3DSH_DataRateCmd                      0x08001b39   Thumb Code    44  lis3dsh.o(.text)
    LIS3DSH_FullScaleCmd                     0x08001b65   Thumb Code    44  lis3dsh.o(.text)
    LIS3DSH_ReadACC                          0x08001b91   Thumb Code   628  lis3dsh.o(.text)
    HAL_SPI_MspInit                          0x08001e05   Thumb Code   218  lis3dsh.o(.text)
    os_idle_demon                            0x08001ef9   Thumb Code     4  rtx_conf_cm.o(.text)
    os_error                                 0x08001efd   Thumb Code    34  rtx_conf_cm.o(.text)
    HAL_MspInit                              0x08001f21   Thumb Code    10  stm32f4xx_hal.o(.text)
    HAL_InitTick                             0x08001f2b   Thumb Code    36  stm32f4xx_hal.o(.text)
    HAL_Init                                 0x08001f4f   Thumb Code    54  stm32f4xx_hal.o(.text)
    HAL_MspDeInit                            0x08001f85   Thumb Code    10  stm32f4xx_hal.o(.text)
    HAL_DeInit                               0x08001f8f   Thumb Code    64  stm32f4xx_hal.o(.text)
    HAL_IncTick                              0x08001fcf   Thumb Code    12  stm32f4xx_hal.o(.text)
    HAL_Delay                                0x08001fe1   Thumb Code    26  stm32f4xx_hal.o(.text)
    HAL_SuspendTick                          0x08001ffb   Thumb Code    18  stm32f4xx_hal.o(.text)
    HAL_ResumeTick                           0x0800200d   Thumb Code    18  stm32f4xx_hal.o(.text)
    HAL_GetHalVersion                        0x0800201f   Thumb Code     4  stm32f4xx_hal.o(.text)
    HAL_GetREVID                             0x08002023   Thumb Code     8  stm32f4xx_hal.o(.text)
    HAL_GetDEVID                             0x0800202b   Thumb Code    10  stm32f4xx_hal.o(.text)
    HAL_DBGMCU_EnableDBGSleepMode            0x08002035   Thumb Code    14  stm32f4xx_hal.o(.text)
    HAL_DBGMCU_DisableDBGSleepMode           0x08002043   Thumb Code    14  stm32f4xx_hal.o(.text)
    HAL_DBGMCU_EnableDBGStopMode             0x08002051   Thumb Code    14  stm32f4xx_hal.o(.text)
    HAL_DBGMCU_DisableDBGStopMode            0x0800205f   Thumb Code    14  stm32f4xx_hal.o(.text)
    HAL_DBGMCU_EnableDBGStandbyMode          0x0800206d   Thumb Code    14  stm32f4xx_hal.o(.text)
    HAL_DBGMCU_DisableDBGStandbyMode         0x0800207b   Thumb Code    14  stm32f4xx_hal.o(.text)
    HAL_EnableCompensationCell               0x08002089   Thumb Code    22  stm32f4xx_hal.o(.text)
    HAL_DisableCompensationCell              0x0800209f   Thumb Code    24  stm32f4xx_hal.o(.text)
    HAL_ADC_Init                             0x0800223d   Thumb Code    74  stm32f4xx_hal_adc.o(.text)
    HAL_ADC_MspDeInit                        0x08002287   Thumb Code     2  stm32f4xx_hal_adc.o(.text)
    HAL_ADC_DeInit                           0x08002289   Thumb Code    34  stm32f4xx_hal_adc.o(.text)
    HAL_ADC_Start                            0x080022ab   Thumb Code   182  stm32f4xx_hal_adc.o(.text)
    HAL_ADC_Stop                             0x08002361   Thumb Code    24  stm32f4xx_hal_adc.o(.text)
    HAL_ADC_PollForConversion                0x08002379   Thumb Code   130  stm32f4xx_hal_adc.o(.text)
    HAL_ADC_PollForEvent                     0x080023fb   Thumb Code   104  stm32f4xx_hal_adc.o(.text)
    HAL_ADC_Start_IT                         0x08002463   Thumb Code   232  stm32f4xx_hal_adc.o(.text)
    HAL_ADC_Stop_IT                          0x0800254b   Thumb Code    48  stm32f4xx_hal_adc.o(.text)
    HAL_ADC_ErrorCallback                    0x0800257b   Thumb Code     2  stm32f4xx_hal_adc.o(.text)
    HAL_ADC_LevelOutOfWindowCallback         0x0800257d   Thumb Code     2  stm32f4xx_hal_adc.o(.text)
    HAL_ADC_ConvCpltCallback                 0x0800257f   Thumb Code     2  stm32f4xx_hal_adc.o(.text)
    HAL_ADC_IRQHandler                       0x08002581   Thumb Code   348  stm32f4xx_hal_adc.o(.text)
    HAL_ADC_ConvHalfCpltCallback             0x080026f9   Thumb Code     2  stm32f4xx_hal_adc.o(.text)
    HAL_ADC_Start_DMA                        0x0800272d   Thumb Code   186  stm32f4xx_hal_adc.o(.text)
    HAL_ADC_Stop_DMA                         0x080027e7   Thumb Code    56  stm32f4xx_hal_adc.o(.text)
    HAL_ADC_GetValue                         0x0800281f   Thumb Code     8  stm32f4xx_hal_adc.o(.text)
    HAL_ADC_ConfigChannel                    0x08002827   Thumb Code   416  stm32f4xx_hal_adc.o(.text)
    HAL_ADC_AnalogWDGConfig                  0x080029c7   Thumb Code   132  stm32f4xx_hal_adc.o(.text)
    HAL_ADC_GetState                         0x08002a4b   Thumb Code     8  stm32f4xx_hal_adc.o(.text)
    HAL_ADC_GetError                         0x08002a53   Thumb Code     6  stm32f4xx_hal_adc.o(.text)
    HAL_ADCEx_InjectedStart                  0x08002a6d   Thumb Code   230  stm32f4xx_hal_adc_ex.o(.text)
    HAL_ADCEx_InjectedStart_IT               0x08002b53   Thumb Code   258  stm32f4xx_hal_adc_ex.o(.text)
    HAL_ADCEx_InjectedStop                   0x08002c55   Thumb Code    24  stm32f4xx_hal_adc_ex.o(.text)
    HAL_ADCEx_InjectedPollForConversion      0x08002c6d   Thumb Code    90  stm32f4xx_hal_adc_ex.o(.text)
    HAL_ADCEx_InjectedStop_IT                0x08002cc7   Thumb Code    48  stm32f4xx_hal_adc_ex.o(.text)
    HAL_ADCEx_InjectedGetValue               0x08002cf7   Thumb Code    70  stm32f4xx_hal_adc_ex.o(.text)
    HAL_ADCEx_MultiModeStart_DMA             0x08002d8b   Thumb Code   206  stm32f4xx_hal_adc_ex.o(.text)
    HAL_ADCEx_MultiModeStop_DMA              0x08002e59   Thumb Code   116  stm32f4xx_hal_adc_ex.o(.text)
    HAL_ADCEx_MultiModeGetValue              0x08002ecd   Thumb Code     8  stm32f4xx_hal_adc_ex.o(.text)
    HAL_ADCEx_InjectedConvCpltCallback       0x08002ed5   Thumb Code     2  stm32f4xx_hal_adc_ex.o(.text)
    HAL_ADCEx_InjectedConfigChannel          0x08002ed7   Thumb Code   552  stm32f4xx_hal_adc_ex.o(.text)
    HAL_ADCEx_MultiModeConfigChannel         0x080030ff   Thumb Code   130  stm32f4xx_hal_adc_ex.o(.text)
    HAL_NVIC_SetPriorityGrouping             0x080031ad   Thumb Code    36  stm32f4xx_hal_cortex.o(.text)
    HAL_NVIC_SetPriority                     0x080031d1   Thumb Code   124  stm32f4xx_hal_cortex.o(.text)
    HAL_NVIC_EnableIRQ                       0x0800324d   Thumb Code    32  stm32f4xx_hal_cortex.o(.text)
    HAL_NVIC_DisableIRQ                      0x0800326d   Thumb Code    62  stm32f4xx_hal_cortex.o(.text)
    HAL_NVIC_SystemReset                     0x080032ab   Thumb Code    64  stm32f4xx_hal_cortex.o(.text)
    HAL_SYSTICK_Config                       0x080032eb   Thumb Code    52  stm32f4xx_hal_cortex.o(.text)
    HAL_MPU_ConfigRegion                     0x0800331f   Thumb Code    90  stm32f4xx_hal_cortex.o(.text)
    HAL_NVIC_GetPriorityGrouping             0x08003379   Thumb Code     8  stm32f4xx_hal_cortex.o(.text)
    HAL_NVIC_GetPriority                     0x08003381   Thumb Code   138  stm32f4xx_hal_cortex.o(.text)
    HAL_NVIC_SetPendingIRQ                   0x0800340b   Thumb Code    32  stm32f4xx_hal_cortex.o(.text)
    HAL_NVIC_GetPendingIRQ                   0x0800342b   Thumb Code    46  stm32f4xx_hal_cortex.o(.text)
    HAL_NVIC_ClearPendingIRQ                 0x08003459   Thumb Code    30  stm32f4xx_hal_cortex.o(.text)
    HAL_NVIC_GetActive                       0x08003477   Thumb Code    46  stm32f4xx_hal_cortex.o(.text)
    HAL_SYSTICK_CLKSourceConfig              0x080034a5   Thumb Code    40  stm32f4xx_hal_cortex.o(.text)
    HAL_SYSTICK_Callback                     0x080034cd   Thumb Code    10  stm32f4xx_hal_cortex.o(.text)
    HAL_SYSTICK_IRQHandler                   0x080034d7   Thumb Code     8  stm32f4xx_hal_cortex.o(.text)
    HAL_DMA_Init                             0x0800352f   Thumb Code   128  stm32f4xx_hal_dma.o(.text)
    HAL_DMA_DeInit                           0x080035af   Thumb Code   100  stm32f4xx_hal_dma.o(.text)
    HAL_DMA_Start                            0x0800363f   Thumb Code    82  stm32f4xx_hal_dma.o(.text)
    HAL_DMA_Start_IT                         0x08003691   Thumb Code   106  stm32f4xx_hal_dma.o(.text)
    HAL_DMA_Abort                            0x080036fb   Thumb Code    94  stm32f4xx_hal_dma.o(.text)
    HAL_DMA_PollForTransfer                  0x08003759   Thumb Code   412  stm32f4xx_hal_dma.o(.text)
    HAL_DMA_IRQHandler                       0x080038f5   Thumb Code   530  stm32f4xx_hal_dma.o(.text)
    HAL_DMA_GetState                         0x08003b07   Thumb Code     8  stm32f4xx_hal_dma.o(.text)
    HAL_DMA_GetError                         0x08003b0f   Thumb Code     6  stm32f4xx_hal_dma.o(.text)
    HAL_GPIO_Init                            0x08003b19   Thumb Code   476  stm32f4xx_hal_gpio.o(.text)
    HAL_GPIO_DeInit                          0x08003cf5   Thumb Code   326  stm32f4xx_hal_gpio.o(.text)
    HAL_GPIO_ReadPin                         0x08003e3b   Thumb Code    16  stm32f4xx_hal_gpio.o(.text)
    HAL_GPIO_WritePin                        0x08003e4b   Thumb Code    12  stm32f4xx_hal_gpio.o(.text)
    HAL_GPIO_TogglePin                       0x08003e57   Thumb Code     8  stm32f4xx_hal_gpio.o(.text)
    HAL_GPIO_LockPin                         0x08003e5f   Thumb Code    46  stm32f4xx_hal_gpio.o(.text)
    HAL_GPIO_EXTI_IRQHandler                 0x08003e97   Thumb Code    28  stm32f4xx_hal_gpio.o(.text)
    HAL_RCC_OscConfig                        0x08003ee7   Thumb Code  1032  stm32f4xx_hal_rcc.o(.text)
    HAL_RCC_ClockConfig                      0x080042ef   Thumb Code   680  stm32f4xx_hal_rcc.o(.text)
    HAL_RCC_MCOConfig                        0x08004597   Thumb Code   178  stm32f4xx_hal_rcc.o(.text)
    HAL_RCC_EnableCSS                        0x08004649   Thumb Code     8  stm32f4xx_hal_rcc.o(.text)
    HAL_RCC_DisableCSS                       0x08004651   Thumb Code     8  stm32f4xx_hal_rcc.o(.text)
    HAL_RCC_GetSysClockFreq                  0x08004659   Thumb Code   198  stm32f4xx_hal_rcc.o(.text)
    HAL_RCC_GetHCLKFreq                      0x0800471f   Thumb Code    42  stm32f4xx_hal_rcc.o(.text)
    HAL_RCC_GetPCLK1Freq                     0x08004749   Thumb Code    36  stm32f4xx_hal_rcc.o(.text)
    HAL_RCC_GetPCLK2Freq                     0x0800476d   Thumb Code    36  stm32f4xx_hal_rcc.o(.text)
    HAL_RCC_GetOscConfig                     0x08004791   Thumb Code   296  stm32f4xx_hal_rcc.o(.text)
    HAL_RCC_GetClockConfig                   0x080048b9   Thumb Code    58  stm32f4xx_hal_rcc.o(.text)
    HAL_RCC_CSSCallback                      0x080048f3   Thumb Code    10  stm32f4xx_hal_rcc.o(.text)
    HAL_RCC_NMI_IRQHandler                   0x080048fd   Thumb Code    30  stm32f4xx_hal_rcc.o(.text)
    HAL_SPI_Init                             0x08004933   Thumb Code   136  stm32f4xx_hal_spi.o(.text)
    HAL_SPI_MspDeInit                        0x080049bb   Thumb Code     2  stm32f4xx_hal_spi.o(.text)
    HAL_SPI_DeInit                           0x080049bd   Thumb Code    48  stm32f4xx_hal_spi.o(.text)
    HAL_SPI_Transmit                         0x08004b01   Thumb Code   450  stm32f4xx_hal_spi.o(.text)
    HAL_SPI_TransmitReceive                  0x08004cc3   Thumb Code   850  stm32f4xx_hal_spi.o(.text)
    HAL_SPI_Receive                          0x08005015   Thumb Code   572  stm32f4xx_hal_spi.o(.text)
    HAL_SPI_ErrorCallback                    0x08005251   Thumb Code     2  stm32f4xx_hal_spi.o(.text)
    HAL_SPI_TxCpltCallback                   0x08005253   Thumb Code     2  stm32f4xx_hal_spi.o(.text)
    HAL_SPI_TxRxCpltCallback                 0x08005255   Thumb Code     2  stm32f4xx_hal_spi.o(.text)
    HAL_SPI_Transmit_IT                      0x08005345   Thumb Code   198  stm32f4xx_hal_spi.o(.text)
    HAL_SPI_RxCpltCallback                   0x0800540b   Thumb Code     2  stm32f4xx_hal_spi.o(.text)
    HAL_SPI_TransmitReceive_IT               0x08005533   Thumb Code   192  stm32f4xx_hal_spi.o(.text)
    HAL_SPI_Receive_IT                       0x08005645   Thumb Code   222  stm32f4xx_hal_spi.o(.text)
    HAL_SPI_TxHalfCpltCallback               0x080057d3   Thumb Code     2  stm32f4xx_hal_spi.o(.text)
    HAL_SPI_Transmit_DMA                     0x080057e3   Thumb Code   218  stm32f4xx_hal_spi.o(.text)
    HAL_SPI_RxHalfCpltCallback               0x08005a35   Thumb Code     2  stm32f4xx_hal_spi.o(.text)
    HAL_SPI_TxRxHalfCpltCallback             0x08005a7d   Thumb Code     2  stm32f4xx_hal_spi.o(.text)
    HAL_SPI_TransmitReceive_DMA              0x08005a8d   Thumb Code   324  stm32f4xx_hal_spi.o(.text)
    HAL_SPI_Receive_DMA                      0x08005bd1   Thumb Code   288  stm32f4xx_hal_spi.o(.text)
    HAL_SPI_DMAPause                         0x08005cf1   Thumb Code    62  stm32f4xx_hal_spi.o(.text)
    HAL_SPI_DMAResume                        0x08005d2f   Thumb Code    62  stm32f4xx_hal_spi.o(.text)
    HAL_SPI_DMAStop                          0x08005d6d   Thumb Code    58  stm32f4xx_hal_spi.o(.text)
    HAL_SPI_IRQHandler                       0x08005da7   Thumb Code   262  stm32f4xx_hal_spi.o(.text)
    HAL_SPI_GetState                         0x08005ead   Thumb Code     8  stm32f4xx_hal_spi.o(.text)
    HAL_SPI_GetError                         0x08005eb5   Thumb Code     6  stm32f4xx_hal_spi.o(.text)
    TIM_Base_SetConfig                       0x08005ec9   Thumb Code   184  stm32f4xx_hal_tim.o(.text)
    HAL_TIM_Base_Init                        0x08005f83   Thumb Code    52  stm32f4xx_hal_tim.o(.text)
    HAL_TIM_Base_MspDeInit                   0x08005fb7   Thumb Code     2  stm32f4xx_hal_tim.o(.text)
    HAL_TIM_Base_DeInit                      0x08005fb9   Thumb Code    70  stm32f4xx_hal_tim.o(.text)
    HAL_TIM_Base_Start                       0x08005fff   Thumb Code    30  stm32f4xx_hal_tim.o(.text)
    HAL_TIM_Base_Stop                        0x0800601d   Thumb Code    56  stm32f4xx_hal_tim.o(.text)
    HAL_TIM_Base_Start_IT                    0x08006055   Thumb Code    30  stm32f4xx_hal_tim.o(.text)
    HAL_TIM_Base_Stop_IT                     0x08006073   Thumb Code    56  stm32f4xx_hal_tim.o(.text)
    HAL_TIM_ErrorCallback                    0x080060ab   Thumb Code     2  stm32f4xx_hal_tim.o(.text)
    TIM_DMAError                             0x080060ad   Thumb Code    20  stm32f4xx_hal_tim.o(.text)
    HAL_TIM_Base_Start_DMA                   0x080060d7   Thumb Code    98  stm32f4xx_hal_tim.o(.text)
    HAL_TIM_Base_Stop_DMA                    0x08006139   Thumb Code    62  stm32f4xx_hal_tim.o(.text)
    HAL_TIM_OC_MspInit                       0x08006177   Thumb Code     2  stm32f4xx_hal_tim.o(.text)
    HAL_TIM_OC_Init                          0x08006179   Thumb Code    52  stm32f4xx_hal_tim.o(.text)
    HAL_TIM_OC_MspDeInit                     0x080061ad   Thumb Code     2  stm32f4xx_hal_tim.o(.text)
    HAL_TIM_OC_DeInit                        0x080061af   Thumb Code    70  stm32f4xx_hal_tim.o(.text)
    TIM_CCxChannelCmd                        0x080061f5   Thumb Code    28  stm32f4xx_hal_tim.o(.text)
    HAL_TIM_OC_Start                         0x08006211   Thumb Code    68  stm32f4xx_hal_tim.o(.text)
    HAL_TIM_OC_Stop                          0x08006255   Thumb Code   170  stm32f4xx_hal_tim.o(.text)
    HAL_TIM_OC_Start_IT                      0x080062ff   Thumb Code   144  stm32f4xx_hal_tim.o(.text)
    HAL_TIM_OC_Stop_IT                       0x0800638f   Thumb Code   196  stm32f4xx_hal_tim.o(.text)
    HAL_TIM_PWM_PulseFinishedCallback        0x08006453   Thumb Code     2  stm32f4xx_hal_tim.o(.text)
    TIM_DMADelayPulseCplt                    0x08006455   Thumb Code    70  stm32f4xx_hal_tim.o(.text)
    HAL_TIM_OC_Start_DMA                     0x0800649b   Thumb Code   312  stm32f4xx_hal_tim.o(.text)
    HAL_TIM_OC_Stop_DMA                      0x080065d3   Thumb Code   202  stm32f4xx_hal_tim.o(.text)
    HAL_TIM_PWM_Init                         0x0800669f   Thumb Code    52  stm32f4xx_hal_tim.o(.text)
    HAL_TIM_PWM_MspDeInit                    0x080066d3   Thumb Code     2  stm32f4xx_hal_tim.o(.text)
    HAL_TIM_PWM_DeInit                       0x080066d5   Thumb Code    70  stm32f4xx_hal_tim.o(.text)
    HAL_TIM_PWM_Start                        0x0800671b   Thumb Code    78  stm32f4xx_hal_tim.o(.text)
    HAL_TIM_PWM_Stop                         0x08006769   Thumb Code   126  stm32f4xx_hal_tim.o(.text)
    HAL_TIM_PWM_Start_IT                     0x080067e7   Thumb Code   144  stm32f4xx_hal_tim.o(.text)
    HAL_TIM_PWM_Stop_IT                      0x08006877   Thumb Code   196  stm32f4xx_hal_tim.o(.text)
    HAL_TIM_PWM_Start_DMA                    0x0800693b   Thumb Code   312  stm32f4xx_hal_tim.o(.text)
    HAL_TIM_PWM_Stop_DMA                     0x08006a73   Thumb Code   202  stm32f4xx_hal_tim.o(.text)
    HAL_TIM_IC_MspInit                       0x08006b3d   Thumb Code     2  stm32f4xx_hal_tim.o(.text)
    HAL_TIM_IC_Init                          0x08006b3f   Thumb Code    62  stm32f4xx_hal_tim.o(.text)
    HAL_TIM_IC_MspDeInit                     0x08006b7d   Thumb Code     2  stm32f4xx_hal_tim.o(.text)
    HAL_TIM_IC_DeInit                        0x08006b7f   Thumb Code    70  stm32f4xx_hal_tim.o(.text)
    HAL_TIM_IC_Start                         0x08006bc5   Thumb Code    32  stm32f4xx_hal_tim.o(.text)
    HAL_TIM_IC_Stop                          0x08006be5   Thumb Code    58  stm32f4xx_hal_tim.o(.text)
    HAL_TIM_IC_Start_IT                      0x08006c1f   Thumb Code   108  stm32f4xx_hal_tim.o(.text)
    HAL_TIM_IC_Stop_IT                       0x08006c8b   Thumb Code   134  stm32f4xx_hal_tim.o(.text)
    HAL_TIM_IC_CaptureCallback               0x08006d11   Thumb Code     2  stm32f4xx_hal_tim.o(.text)
    TIM_DMACaptureCplt                       0x08006d13   Thumb Code    70  stm32f4xx_hal_tim.o(.text)
    HAL_TIM_IC_Start_DMA                     0x08006d59   Thumb Code   276  stm32f4xx_hal_tim.o(.text)
    HAL_TIM_IC_Stop_DMA                      0x08006e6d   Thumb Code   140  stm32f4xx_hal_tim.o(.text)
    HAL_TIM_OnePulse_MspInit                 0x08006ef9   Thumb Code     2  stm32f4xx_hal_tim.o(.text)
    HAL_TIM_OnePulse_Init                    0x08006efb   Thumb Code    76  stm32f4xx_hal_tim.o(.text)
    HAL_TIM_OnePulse_MspDeInit               0x08006f47   Thumb Code     2  stm32f4xx_hal_tim.o(.text)
    HAL_TIM_OnePulse_DeInit                  0x08006f49   Thumb Code    70  stm32f4xx_hal_tim.o(.text)
    HAL_TIM_OnePulse_Start                   0x08006f8f   Thumb Code    66  stm32f4xx_hal_tim.o(.text)
    HAL_TIM_OnePulse_Stop                    0x08006fd1   Thumb Code   130  stm32f4xx_hal_tim.o(.text)
    HAL_TIM_OnePulse_Start_IT                0x08007053   Thumb Code    90  stm32f4xx_hal_tim.o(.text)
    HAL_TIM_OnePulse_Stop_IT                 0x080070ad   Thumb Code   154  stm32f4xx_hal_tim.o(.text)
    HAL_TIM_Encoder_MspInit                  0x08007147   Thumb Code     2  stm32f4xx_hal_tim.o(.text)
    HAL_TIM_Encoder_Init                     0x08007149   Thumb Code   180  stm32f4xx_hal_tim.o(.text)
    HAL_TIM_Encoder_MspDeInit                0x080071fd   Thumb Code     2  stm32f4xx_hal_tim.o(.text)
    HAL_TIM_Encoder_DeInit                   0x080071ff   Thumb Code    70  stm32f4xx_hal_tim.o(.text)
    HAL_TIM_Encoder_Start                    0x08007245   Thumb Code    78  stm32f4xx_hal_tim.o(.text)
    HAL_TIM_Encoder_Stop                     0x08007293   Thumb Code   104  stm32f4xx_hal_tim.o(.text)
    HAL_TIM_Encoder_Start_IT                 0x080072fb   Thumb Code   126  stm32f4xx_hal_tim.o(.text)
    HAL_TIM_Encoder_Stop_IT                  0x08007379   Thumb Code   160  stm32f4xx_hal_tim.o(.text)
    HAL_TIM_Encoder_Start_DMA                0x08007419   Thumb Code   328  stm32f4xx_hal_tim.o(.text)
    HAL_TIM_Encoder_Stop_DMA                 0x08007561   Thumb Code   152  stm32f4xx_hal_tim.o(.text)
    HAL_TIM_TriggerCallback                  0x080075f9   Thumb Code     2  stm32f4xx_hal_tim.o(.text)
    HAL_TIM_OC_DelayElapsedCallback          0x080075fb   Thumb Code     2  stm32f4xx_hal_tim.o(.text)
    HAL_TIM_IRQHandler                       0x080075fd   Thumb Code   406  stm32f4xx_hal_tim.o(.text)
    TIM_OC2_SetConfig                        0x08007865   Thumb Code   112  stm32f4xx_hal_tim.o(.text)
    HAL_TIM_OC_ConfigChannel                 0x0800793b   Thumb Code   116  stm32f4xx_hal_tim.o(.text)
    TIM_TI1_SetConfig                        0x08007a69   Thumb Code   122  stm32f4xx_hal_tim.o(.text)
    HAL_TIM_IC_ConfigChannel                 0x08007ae3   Thumb Code   224  stm32f4xx_hal_tim.o(.text)
    HAL_TIM_PWM_ConfigChannel                0x08007bc3   Thumb Code   294  stm32f4xx_hal_tim.o(.text)
    HAL_TIM_OnePulse_ConfigChannel           0x08007ce9   Thumb Code   286  stm32f4xx_hal_tim.o(.text)
    HAL_TIM_DMABurst_WriteStart              0x08007e1b   Thumb Code   366  stm32f4xx_hal_tim.o(.text)
    HAL_TIM_DMABurst_WriteStop               0x08007f89   Thumb Code   128  stm32f4xx_hal_tim.o(.text)
    HAL_TIM_DMABurst_ReadStart               0x08008009   Thumb Code   366  stm32f4xx_hal_tim.o(.text)
    HAL_TIM_DMABurst_ReadStop                0x08008177   Thumb Code   128  stm32f4xx_hal_tim.o(.text)
    HAL_TIM_GenerateEvent                    0x080081f7   Thumb Code    54  stm32f4xx_hal_tim.o(.text)
    HAL_TIM_ConfigOCrefClear                 0x08008245   Thumb Code   252  stm32f4xx_hal_tim.o(.text)
    HAL_TIM_ConfigClockSource                0x080083ab   Thumb Code   306  stm32f4xx_hal_tim.o(.text)
    HAL_TIM_ConfigTI1Input                   0x080084dd   Thumb Code    24  stm32f4xx_hal_tim.o(.text)
    HAL_TIM_SlaveConfigSynchronization       0x08008599   Thumb Code    86  stm32f4xx_hal_tim.o(.text)
    HAL_TIM_SlaveConfigSynchronization_IT    0x080085ef   Thumb Code    86  stm32f4xx_hal_tim.o(.text)
    HAL_TIM_ReadCapturedValue                0x08008645   Thumb Code    84  stm32f4xx_hal_tim.o(.text)
    HAL_TIM_Base_GetState                    0x08008699   Thumb Code     8  stm32f4xx_hal_tim.o(.text)
    HAL_TIM_OC_GetState                      0x080086a1   Thumb Code     8  stm32f4xx_hal_tim.o(.text)
    HAL_TIM_PWM_GetState                     0x080086a9   Thumb Code     8  stm32f4xx_hal_tim.o(.text)
    HAL_TIM_IC_GetState                      0x080086b1   Thumb Code     8  stm32f4xx_hal_tim.o(.text)
    HAL_TIM_OnePulse_GetState                0x080086b9   Thumb Code     8  stm32f4xx_hal_tim.o(.text)
    HAL_TIM_Encoder_GetState                 0x080086c1   Thumb Code     8  stm32f4xx_hal_tim.o(.text)
    HAL_TIMEx_HallSensor_MspInit             0x080086c9   Thumb Code     2  stm32f4xx_hal_tim_ex.o(.text)
    HAL_TIMEx_HallSensor_Init                0x080086cb   Thumb Code   196  stm32f4xx_hal_tim_ex.o(.text)
    HAL_TIMEx_HallSensor_MspDeInit           0x0800878f   Thumb Code     2  stm32f4xx_hal_tim_ex.o(.text)
    HAL_TIMEx_HallSensor_DeInit              0x08008791   Thumb Code    70  stm32f4xx_hal_tim_ex.o(.text)
    HAL_TIMEx_HallSensor_Start               0x080087d7   Thumb Code    30  stm32f4xx_hal_tim_ex.o(.text)
    HAL_TIMEx_HallSensor_Stop                0x080087f5   Thumb Code    56  stm32f4xx_hal_tim_ex.o(.text)
    HAL_TIMEx_HallSensor_Start_IT            0x0800882d   Thumb Code    42  stm32f4xx_hal_tim_ex.o(.text)
    HAL_TIMEx_HallSensor_Stop_IT             0x08008857   Thumb Code    68  stm32f4xx_hal_tim_ex.o(.text)
    HAL_TIMEx_HallSensor_Start_DMA           0x0800889b   Thumb Code   106  stm32f4xx_hal_tim_ex.o(.text)
    HAL_TIMEx_HallSensor_Stop_DMA            0x08008905   Thumb Code    68  stm32f4xx_hal_tim_ex.o(.text)
    HAL_TIMEx_OCN_Start                      0x08008965   Thumb Code    44  stm32f4xx_hal_tim_ex.o(.text)
    HAL_TIMEx_OCN_Stop                       0x08008991   Thumb Code    96  stm32f4xx_hal_tim_ex.o(.text)
    HAL_TIMEx_OCN_Start_IT                   0x080089f1   Thumb Code   132  stm32f4xx_hal_tim_ex.o(.text)
    HAL_TIMEx_OCN_Stop_IT                    0x08008a75   Thumb Code   196  stm32f4xx_hal_tim_ex.o(.text)
    HAL_TIMEx_OCN_Start_DMA                  0x08008b39   Thumb Code   272  stm32f4xx_hal_tim_ex.o(.text)
    HAL_TIMEx_OCN_Stop_DMA                   0x08008c49   Thumb Code   192  stm32f4xx_hal_tim_ex.o(.text)
    HAL_TIMEx_PWMN_Start                     0x08008d09   Thumb Code    44  stm32f4xx_hal_tim_ex.o(.text)
    HAL_TIMEx_PWMN_Stop                      0x08008d35   Thumb Code    96  stm32f4xx_hal_tim_ex.o(.text)
    HAL_TIMEx_PWMN_Start_IT                  0x08008d95   Thumb Code   132  stm32f4xx_hal_tim_ex.o(.text)
    HAL_TIMEx_PWMN_Stop_IT                   0x08008e19   Thumb Code   196  stm32f4xx_hal_tim_ex.o(.text)
    HAL_TIMEx_PWMN_Start_DMA                 0x08008edd   Thumb Code   272  stm32f4xx_hal_tim_ex.o(.text)
    HAL_TIMEx_PWMN_Stop_DMA                  0x08008fed   Thumb Code   178  stm32f4xx_hal_tim_ex.o(.text)
    HAL_TIMEx_OnePulseN_Start                0x0800909f   Thumb Code    32  stm32f4xx_hal_tim_ex.o(.text)
    HAL_TIMEx_OnePulseN_Stop                 0x080090bf   Thumb Code    96  stm32f4xx_hal_tim_ex.o(.text)
    HAL_TIMEx_OnePulseN_Start_IT             0x0800911f   Thumb Code    56  stm32f4xx_hal_tim_ex.o(.text)
    HAL_TIMEx_OnePulseN_Stop_IT              0x08009157   Thumb Code   120  stm32f4xx_hal_tim_ex.o(.text)
    HAL_TIMEx_ConfigCommutationEvent         0x080091cf   Thumb Code   110  stm32f4xx_hal_tim_ex.o(.text)
    HAL_TIMEx_ConfigCommutationEvent_IT      0x0800923d   Thumb Code   122  stm32f4xx_hal_tim_ex.o(.text)
    HAL_TIMEx_CommutationCallback            0x080092b7   Thumb Code     2  stm32f4xx_hal_tim_ex.o(.text)
    TIMEx_DMACommutationCplt                 0x080092b9   Thumb Code    20  stm32f4xx_hal_tim_ex.o(.text)
    HAL_TIMEx_ConfigCommutationEvent_DMA     0x080092cd   Thumb Code   146  stm32f4xx_hal_tim_ex.o(.text)
    HAL_TIMEx_MasterConfigSynchronization    0x0800935f   Thumb Code    98  stm32f4xx_hal_tim_ex.o(.text)
    HAL_TIMEx_ConfigBreakDeadTime            0x080093c1   Thumb Code    80  stm32f4xx_hal_tim_ex.o(.text)
    HAL_TIMEx_RemapConfig                    0x08009411   Thumb Code    48  stm32f4xx_hal_tim_ex.o(.text)
    HAL_TIMEx_BreakCallback                  0x08009441   Thumb Code     2  stm32f4xx_hal_tim_ex.o(.text)
    HAL_TIMEx_HallSensor_GetState            0x08009443   Thumb Code     8  stm32f4xx_hal_tim_ex.o(.text)
    Reset_Handler                            0x08009451   Thumb Code     8  startup_stm32f407xx.o(.text)
    ADC_IRQHandler                           0x0800946b   Thumb Code     0  startup_stm32f407xx.o(.text)
    CAN1_RX0_IRQHandler                      0x0800946b   Thumb Code     0  startup_stm32f407xx.o(.text)
    CAN1_RX1_IRQHandler                      0x0800946b   Thumb Code     0  startup_stm32f407xx.o(.text)
    CAN1_SCE_IRQHandler                      0x0800946b   Thumb Code     0  startup_stm32f407xx.o(.text)
    CAN1_TX_IRQHandler                       0x0800946b   Thumb Code     0  startup_stm32f407xx.o(.text)
    CAN2_RX0_IRQHandler                      0x0800946b   Thumb Code     0  startup_stm32f407xx.o(.text)
    CAN2_RX1_IRQHandler                      0x0800946b   Thumb Code     0  startup_stm32f407xx.o(.text)
    CAN2_SCE_IRQHandler                      0x0800946b   Thumb Code     0  startup_stm32f407xx.o(.text)
    CAN2_TX_IRQHandler                       0x0800946b   Thumb Code     0  startup_stm32f407xx.o(.text)
    DCMI_IRQHandler                          0x0800946b   Thumb Code     0  startup_stm32f407xx.o(.text)
    DMA1_Stream0_IRQHandler                  0x0800946b   Thumb Code     0  startup_stm32f407xx.o(.text)
    DMA1_Stream1_IRQHandler                  0x0800946b   Thumb Code     0  startup_stm32f407xx.o(.text)
    DMA1_Stream2_IRQHandler                  0x0800946b   Thumb Code     0  startup_stm32f407xx.o(.text)
    DMA1_Stream3_IRQHandler                  0x0800946b   Thumb Code     0  startup_stm32f407xx.o(.text)
    DMA1_Stream4_IRQHandler                  0x0800946b   Thumb Code     0  startup_stm32f407xx.o(.text)
    DMA1_Stream5_IRQHandler                  0x0800946b   Thumb Code     0  startup_stm32f407xx.o(.text)
    DMA1_Stream6_IRQHandler                  0x0800946b   Thumb Code     0  startup_stm32f407xx.o(.text)
    DMA1_Stream7_IRQHandler                  0x0800946b   Thumb Code     0  startup_stm32f407xx.o(.text)
    DMA2_Stream0_IRQHandler                  0x0800946b   Thumb Code     0  startup_stm32f407xx.o(.text)
    DMA2_Stream1_IRQHandler                  0x0800946b   Thumb Code     0  startup_stm32f407xx.o(.text)
    DMA2_Stream2_IRQHandler                  0x0800946b   Thumb Code     0  startup_stm32f407xx.o(.text)
    DMA2_Stream3_IRQHandler                  0x0800946b   Thumb Code     0  startup_stm32f407xx.o(.text)
    DMA2_Stream4_IRQHandler                  0x0800946b   Thumb Code     0  startup_stm32f407xx.o(.text)
    DMA2_Stream5_IRQHandler                  0x0800946b   Thumb Code     0  startup_stm32f407xx.o(.text)
    DMA2_Stream6_IRQHandler                  0x0800946b   Thumb Code     0  startup_stm32f407xx.o(.text)
    DMA2_Stream7_IRQHandler                  0x0800946b   Thumb Code     0  startup_stm32f407xx.o(.text)
    ETH_IRQHandler                           0x0800946b   Thumb Code     0  startup_stm32f407xx.o(.text)
    ETH_WKUP_IRQHandler                      0x0800946b   Thumb Code     0  startup_stm32f407xx.o(.text)
    EXTI15_10_IRQHandler                     0x0800946b   Thumb Code     0  startup_stm32f407xx.o(.text)
    EXTI1_IRQHandler                         0x0800946b   Thumb Code     0  startup_stm32f407xx.o(.text)
    EXTI2_IRQHandler                         0x0800946b   Thumb Code     0  startup_stm32f407xx.o(.text)
    EXTI3_IRQHandler                         0x0800946b   Thumb Code     0  startup_stm32f407xx.o(.text)
    EXTI4_IRQHandler                         0x0800946b   Thumb Code     0  startup_stm32f407xx.o(.text)
    EXTI9_5_IRQHandler                       0x0800946b   Thumb Code     0  startup_stm32f407xx.o(.text)
    FLASH_IRQHandler                         0x0800946b   Thumb Code     0  startup_stm32f407xx.o(.text)
    FMC_IRQHandler                           0x0800946b   Thumb Code     0  startup_stm32f407xx.o(.text)
    FPU_IRQHandler                           0x0800946b   Thumb Code     0  startup_stm32f407xx.o(.text)
    HASH_RNG_IRQHandler                      0x0800946b   Thumb Code     0  startup_stm32f407xx.o(.text)
    I2C1_ER_IRQHandler                       0x0800946b   Thumb Code     0  startup_stm32f407xx.o(.text)
    I2C1_EV_IRQHandler                       0x0800946b   Thumb Code     0  startup_stm32f407xx.o(.text)
    I2C2_ER_IRQHandler                       0x0800946b   Thumb Code     0  startup_stm32f407xx.o(.text)
    I2C2_EV_IRQHandler                       0x0800946b   Thumb Code     0  startup_stm32f407xx.o(.text)
    I2C3_ER_IRQHandler                       0x0800946b   Thumb Code     0  startup_stm32f407xx.o(.text)
    I2C3_EV_IRQHandler                       0x0800946b   Thumb Code     0  startup_stm32f407xx.o(.text)
    OTG_FS_IRQHandler                        0x0800946b   Thumb Code     0  startup_stm32f407xx.o(.text)
    OTG_FS_WKUP_IRQHandler                   0x0800946b   Thumb Code     0  startup_stm32f407xx.o(.text)
    OTG_HS_EP1_IN_IRQHandler                 0x0800946b   Thumb Code     0  startup_stm32f407xx.o(.text)
    OTG_HS_EP1_OUT_IRQHandler                0x0800946b   Thumb Code     0  startup_stm32f407xx.o(.text)
    OTG_HS_IRQHandler                        0x0800946b   Thumb Code     0  startup_stm32f407xx.o(.text)
    OTG_HS_WKUP_IRQHandler                   0x0800946b   Thumb Code     0  startup_stm32f407xx.o(.text)
    PVD_IRQHandler                           0x0800946b   Thumb Code     0  startup_stm32f407xx.o(.text)
    RCC_IRQHandler                           0x0800946b   Thumb Code     0  startup_stm32f407xx.o(.text)
    RTC_Alarm_IRQHandler                     0x0800946b   Thumb Code     0  startup_stm32f407xx.o(.text)
    RTC_WKUP_IRQHandler                      0x0800946b   Thumb Code     0  startup_stm32f407xx.o(.text)
    SDIO_IRQHandler                          0x0800946b   Thumb Code     0  startup_stm32f407xx.o(.text)
    SPI1_IRQHandler                          0x0800946b   Thumb Code     0  startup_stm32f407xx.o(.text)
    SPI2_IRQHandler                          0x0800946b   Thumb Code     0  startup_stm32f407xx.o(.text)
    SPI3_IRQHandler                          0x0800946b   Thumb Code     0  startup_stm32f407xx.o(.text)
    TAMP_STAMP_IRQHandler                    0x0800946b   Thumb Code     0  startup_stm32f407xx.o(.text)
    TIM1_BRK_TIM9_IRQHandler                 0x0800946b   Thumb Code     0  startup_stm32f407xx.o(.text)
    TIM1_CC_IRQHandler                       0x0800946b   Thumb Code     0  startup_stm32f407xx.o(.text)
    TIM1_TRG_COM_TIM11_IRQHandler            0x0800946b   Thumb Code     0  startup_stm32f407xx.o(.text)
    TIM1_UP_TIM10_IRQHandler                 0x0800946b   Thumb Code     0  startup_stm32f407xx.o(.text)
    TIM2_IRQHandler                          0x0800946b   Thumb Code     0  startup_stm32f407xx.o(.text)
    TIM4_IRQHandler                          0x0800946b   Thumb Code     0  startup_stm32f407xx.o(.text)
    TIM5_IRQHandler                          0x0800946b   Thumb Code     0  startup_stm32f407xx.o(.text)
    TIM6_DAC_IRQHandler                      0x0800946b   Thumb Code     0  startup_stm32f407xx.o(.text)
    TIM7_IRQHandler                          0x0800946b   Thumb Code     0  startup_stm32f407xx.o(.text)
    TIM8_BRK_TIM12_IRQHandler                0x0800946b   Thumb Code     0  startup_stm32f407xx.o(.text)
    TIM8_CC_IRQHandler                       0x0800946b   Thumb Code     0  startup_stm32f407xx.o(.text)
    TIM8_TRG_COM_TIM14_IRQHandler            0x0800946b   Thumb Code     0  startup_stm32f407xx.o(.text)
    TIM8_UP_TIM13_IRQHandler                 0x0800946b   Thumb Code     0  startup_stm32f407xx.o(.text)
    UART4_IRQHandler                         0x0800946b   Thumb Code     0  startup_stm32f407xx.o(.text)
    UART5_IRQHandler                         0x0800946b   Thumb Code     0  startup_stm32f407xx.o(.text)
    USART1_IRQHandler                        0x0800946b   Thumb Code     0  startup_stm32f407xx.o(.text)
    USART2_IRQHandler                        0x0800946b   Thumb Code     0  startup_stm32f407xx.o(.text)
    USART3_IRQHandler                        0x0800946b   Thumb Code     0  startup_stm32f407xx.o(.text)
    USART6_IRQHandler                        0x0800946b   Thumb Code     0  startup_stm32f407xx.o(.text)
    WWDG_IRQHandler                          0x0800946b   Thumb Code     0  startup_stm32f407xx.o(.text)
    SystemInit                               0x08009475   Thumb Code    82  system_stm32f4xx.o(.text)
    SystemCoreClockUpdate                    0x080094c7   Thumb Code   174  system_stm32f4xx.o(.text)
    __aeabi_memcpy                           0x08009595   Thumb Code    36  memcpya.o(.text)
    __aeabi_memcpy4                          0x08009595   Thumb Code     0  memcpya.o(.text)
    __aeabi_memcpy8                          0x08009595   Thumb Code     0  memcpya.o(.text)
    __aeabi_memset                           0x080095b9   Thumb Code    14  memseta.o(.text)
    __aeabi_memset4                          0x080095b9   Thumb Code     0  memseta.o(.text)
    __aeabi_memset8                          0x080095b9   Thumb Code     0  memseta.o(.text)
    __aeabi_memclr                           0x080095c7   Thumb Code     4  memseta.o(.text)
    __aeabi_memclr4                          0x080095c7   Thumb Code     0  memseta.o(.text)
    __aeabi_memclr8                          0x080095c7   Thumb Code     0  memseta.o(.text)
    _memset$wrapper                          0x080095cb   Thumb Code    18  memseta.o(.text)
    __aeabi_dadd                             0x080095dd   Thumb Code   322  dadd.o(.text)
    __aeabi_dsub                             0x0800971f   Thumb Code     6  dadd.o(.text)
    __aeabi_drsub                            0x08009725   Thumb Code     6  dadd.o(.text)
    __aeabi_dmul                             0x0800972b   Thumb Code   228  dmul.o(.text)
    __aeabi_ddiv                             0x0800980f   Thumb Code   222  ddiv.o(.text)
    __aeabi_ui2d                             0x080098ed   Thumb Code    26  dfltui.o(.text)
    __aeabi_f2d                              0x08009907   Thumb Code    38  f2d.o(.text)
    __aeabi_d2f                              0x0800992d   Thumb Code    56  d2f.o(.text)
    __aeabi_uidiv                            0x08009965   Thumb Code     0  uidiv.o(.text)
    __aeabi_uidivmod                         0x08009965   Thumb Code    44  uidiv.o(.text)
    __aeabi_llsl                             0x08009991   Thumb Code    30  llshl.o(.text)
    _ll_shift_l                              0x08009991   Thumb Code     0  llshl.o(.text)
    __aeabi_llsr                             0x080099af   Thumb Code    32  llushr.o(.text)
    _ll_ushift_r                             0x080099af   Thumb Code     0  llushr.o(.text)
    __aeabi_lasr                             0x080099cf   Thumb Code    36  llsshr.o(.text)
    _ll_sshift_r                             0x080099cf   Thumb Code     0  llsshr.o(.text)
    __I$use$fp                               0x080099f3   Thumb Code     0  iusefp.o(.text)
    _float_round                             0x080099f3   Thumb Code    18  fepilogue.o(.text)
    _float_epilogue                          0x08009a05   Thumb Code    92  fepilogue.o(.text)
    _double_round                            0x08009a61   Thumb Code    30  depilogue.o(.text)
    _double_epilogue                         0x08009a7f   Thumb Code   156  depilogue.o(.text)
    _dsqrt                                   0x08009b1b   Thumb Code   162  dsqrt.o(.text)
    __scatterload                            0x08009bbd   Thumb Code    28  init.o(.text)
    __scatterload_rt2                        0x08009bbd   Thumb Code     0  init.o(.text)
    SVC_Count                                0x08009be0   Data           4  svc_table.o(SVC_TABLE)
    __I$use$semihosting$fputc                0x08009be1   Thumb Code     0  iusesemip.o(.text)
    __semihosting_library_function           0x08009be1   Thumb Code     0  semi.o(.text)
    SVC_Table                                0x08009be4   Data           0  svc_table.o(SVC_TABLE)
    __0printf$1                              0x08009be5   Thumb Code    22  printf1.o(i.__0printf$1)
    __1printf$1                              0x08009be5   Thumb Code     0  printf1.o(i.__0printf$1)
    __2printf                                0x08009be5   Thumb Code     0  printf1.o(i.__0printf$1)
    __ARM_fpclassify                         0x08009c05   Thumb Code    48  fpclassify.o(i.__ARM_fpclassify)
    __ARM_fpclassifyf                        0x08009c35   Thumb Code    38  fpclassifyf.o(i.__ARM_fpclassifyf)
    __hardfp_atan                            0x08009c61   Thumb Code   622  atan.o(i.__hardfp_atan)
    __hardfp_atan2f                          0x08009f39   Thumb Code   502  atan2f.o(i.__hardfp_atan2f)
    __hardfp_sqrt                            0x0800a189   Thumb Code   122  sqrt.o(i.__hardfp_sqrt)
    __hardfp_sqrtf                           0x0800a203   Thumb Code    58  sqrtf.o(i.__hardfp_sqrtf)
    __kernel_poly                            0x0800a23d   Thumb Code   248  poly.o(i.__kernel_poly)
    __mathlib_dbl_infnan                     0x0800a335   Thumb Code    20  dunder.o(i.__mathlib_dbl_infnan)
    __mathlib_dbl_underflow                  0x0800a349   Thumb Code    24  dunder.o(i.__mathlib_dbl_underflow)
    __mathlib_flt_infnan2                    0x0800a369   Thumb Code     6  funder.o(i.__mathlib_flt_infnan2)
    __mathlib_flt_underflow                  0x0800a371   Thumb Code    10  funder.o(i.__mathlib_flt_underflow)
    __scatterload_copy                       0x0800a381   Thumb Code    14  handlers.o(i.__scatterload_copy)
    __scatterload_null                       0x0800a38f   Thumb Code     2  handlers.o(i.__scatterload_null)
    __scatterload_zeroinit                   0x0800a391   Thumb Code    14  handlers.o(i.__scatterload_zeroinit)
    __set_errno                              0x0800a3a1   Thumb Code     6  errno.o(i.__set_errno)
    _init_box                                0x0800a3ad   Thumb Code    70  rt_membox.o(i._init_box)
    dbg_init                                 0x0800a549   Thumb Code    34  hal_cm.o(i.dbg_init)
    dbg_task_notify                          0x0800a579   Thumb Code    32  hal_cm.o(i.dbg_task_notify)
    dbg_task_switch                          0x0800a599   Thumb Code    16  hal_cm.o(i.dbg_task_switch)
    fabs                                     0x0800a5a9   Thumb Code    24  fabs.o(i.fabs)
    fputc                                    0x0800a5c1   Thumb Code    18  fputc.o(i.fputc)
    isrMessageGet                            0x0800a5d3   Thumb Code    42  rt_cmsis.o(i.isrMessageGet)
    isrMessagePut                            0x0800a5fd   Thumb Code    44  rt_cmsis.o(i.isrMessagePut)
    isr_mbx_receive                          0x0800a629   Thumb Code    86  rt_mailbox.o(i.isr_mbx_receive)
    isr_mbx_send                             0x0800a67f   Thumb Code    14  rt_mailbox.o(i.isr_mbx_send)
    osDelay                                  0x0800a68d   Thumb Code    18  rt_cmsis.o(i.osDelay)
    osKernelInitialize                       0x0800a6a5   Thumb Code    30  rt_cmsis.o(i.osKernelInitialize)
    osKernelStart                            0x0800a6c9   Thumb Code    98  rt_cmsis.o(i.osKernelStart)
    osMessageGet                             0x0800a735   Thumb Code    18  rt_cmsis.o(i.osMessageGet)
    osThreadCreate                           0x0800a74d   Thumb Code    36  rt_cmsis.o(i.osThreadCreate)
    osThreadExit                             0x0800a779   Thumb Code    14  rt_cmsis.o(i.osThreadExit)
    osThreadGetId                            0x0800a791   Thumb Code    18  rt_cmsis.o(i.osThreadGetId)
    osThreadTerminate                        0x0800a7a9   Thumb Code    18  rt_cmsis.o(i.osThreadTerminate)
    osTimerCall                              0x0800a7c1   Thumb Code     8  rt_cmsis.o(i.osTimerCall)
    osTimerThread                            0x0800a7cd   Thumb Code    38  rt_cmsis.o(i.osTimerThread)
    os_tick_init                             0x0800a7f9   Thumb Code    32  rt_system.o(i.os_tick_init)
    os_tick_irqack                           0x0800a821   Thumb Code     2  rt_system.o(i.os_tick_irqack)
    rt_alloc_box                             0x0800a823   Thumb Code    26  rt_membox.o(i.rt_alloc_box)
    rt_alloc_mem                             0x0800a83d   Thumb Code    62  rt_memory.o(i.rt_alloc_mem)
    rt_block                                 0x0800a87d   Thumb Code    48  rt_task.o(i.rt_block)
    rt_chk_robin                             0x0800a8b5   Thumb Code    60  rt_robin.o(i.rt_chk_robin)
    rt_dec_dly                               0x0800a8fd   Thumb Code   102  rt_list.o(i.rt_dec_dly)
    rt_dispatch                              0x0800a96d   Thumb Code    60  rt_task.o(i.rt_dispatch)
    rt_dly_wait                              0x0800a9b1   Thumb Code     6  rt_time.o(i.rt_dly_wait)
    rt_evt_psh                               0x0800a9b9   Thumb Code    76  rt_event.o(i.rt_evt_psh)
    rt_free_box                              0x0800aa09   Thumb Code    44  rt_membox.o(i.rt_free_box)
    rt_free_mem                              0x0800aa35   Thumb Code    40  rt_memory.o(i.rt_free_mem)
    rt_get_first                             0x0800aa5d   Thumb Code    40  rt_list.o(i.rt_get_first)
    rt_init_mem                              0x0800aad5   Thumb Code    26  rt_memory.o(i.rt_init_mem)
    rt_init_robin                            0x0800aaf1   Thumb Code    14  rt_robin.o(i.rt_init_robin)
    rt_init_stack                            0x0800ab09   Thumb Code   118  hal_cm.o(i.rt_init_stack)
    rt_mbx_check                             0x0800ab89   Thumb Code     8  rt_mailbox.o(i.rt_mbx_check)
    rt_mbx_init                              0x0800ab91   Thumb Code    26  rt_mailbox.o(i.rt_mbx_init)
    rt_mbx_psh                               0x0800abad   Thumb Code   236  rt_mailbox.o(i.rt_mbx_psh)
    rt_mbx_wait                              0x0800ac9d   Thumb Code   174  rt_mailbox.o(i.rt_mbx_wait)
    rt_pop_req                               0x0800ad95   Thumb Code   112  rt_system.o(i.rt_pop_req)
    rt_psh_req                               0x0800ae11   Thumb Code    22  rt_system.o(i.rt_psh_req)
    rt_psq_enq                               0x0800ae31   Thumb Code    88  rt_list.o(i.rt_psq_enq)
    rt_put_dly                               0x0800ae8d   Thumb Code    68  rt_list.o(i.rt_put_dly)
    rt_put_prio                              0x0800aed5   Thumb Code    54  rt_list.o(i.rt_put_prio)
    rt_put_rdy_first                         0x0800af0d   Thumb Code    14  rt_list.o(i.rt_put_rdy_first)
    rt_resort_prio                           0x0800af21   Thumb Code    46  rt_list.o(i.rt_resort_prio)
    rt_ret_val                               0x0800af65   Thumb Code    12  hal_cm.o(i.rt_ret_val)
    rt_ret_val2                              0x0800af71   Thumb Code    16  hal_cm.o(i.rt_ret_val2)
    rt_rmv_dly                               0x0800af81   Thumb Code    40  rt_list.o(i.rt_rmv_dly)
    rt_rmv_list                              0x0800afa9   Thumb Code    44  rt_list.o(i.rt_rmv_list)
    rt_sem_psh                               0x0800afd9   Thumb Code    48  rt_semaphore.o(i.rt_sem_psh)
    rt_stk_check                             0x0800b00d   Thumb Code    28  rt_system.o(i.rt_stk_check)
    rt_switch_req                            0x0800b031   Thumb Code    30  rt_task.o(i.rt_switch_req)
    rt_sys_init                              0x0800b059   Thumb Code   138  rt_task.o(i.rt_sys_init)
    rt_sys_start                             0x0800b125   Thumb Code   110  rt_task.o(i.rt_sys_start)
    rt_systick                               0x0800b19d   Thumb Code    50  rt_system.o(i.rt_systick)
    rt_tsk_create                            0x0800b225   Thumb Code   118  rt_task.o(i.rt_tsk_create)
    rt_tsk_delete                            0x0800b2ad   Thumb Code   352  rt_task.o(i.rt_tsk_delete)
    rt_tsk_prio                              0x0800b429   Thumb Code   108  rt_task.o(i.rt_tsk_prio)
    rt_tsk_self                              0x0800b4a5   Thumb Code    12  rt_task.o(i.rt_tsk_self)
    svcDelay                                 0x0800b4b5   Thumb Code    18  rt_cmsis.o(i.svcDelay)
    svcKernelInitialize                      0x0800b4c9   Thumb Code    80  rt_cmsis.o(i.svcKernelInitialize)
    svcKernelStart                           0x0800b539   Thumb Code    62  rt_cmsis.o(i.svcKernelStart)
    svcMessageCreate                         0x0800b581   Thumb Code    36  rt_cmsis.o(i.svcMessageCreate)
    svcMessageGet                            0x0800b5a5   Thumb Code    58  rt_cmsis.o(i.svcMessageGet)
    svcThreadCreate                          0x0800b5e1   Thumb Code    96  rt_cmsis.o(i.svcThreadCreate)
    svcThreadGetId                           0x0800b64d   Thumb Code    22  rt_cmsis.o(i.svcThreadGetId)
    svcThreadTerminate                       0x0800b669   Thumb Code    50  rt_cmsis.o(i.svcThreadTerminate)
    svcTimerCall                             0x0800b6a1   Thumb Code    24  rt_cmsis.o(i.svcTimerCall)
    sysTimerTick                             0x0800b6b9   Thumb Code    84  rt_cmsis.o(i.sysTimerTick)
    os_thread_def_accel_thread               0x0800b714   Data          16  accel_thread.o(.constdata)
    os_thread_def_temp_thread                0x0800b724   Data          16  temp_thread.o(.constdata)
    os_maxtaskrun                            0x0800b734   Data           2  rtx_conf_cm.o(.constdata)
    os_stackinfo                             0x0800b738   Data           4  rtx_conf_cm.o(.constdata)
    os_rrobin                                0x0800b73c   Data           4  rtx_conf_cm.o(.constdata)
    os_tickfreq                              0x0800b740   Data           4  rtx_conf_cm.o(.constdata)
    os_tickus_i                              0x0800b744   Data           2  rtx_conf_cm.o(.constdata)
    os_tickus_f                              0x0800b746   Data           2  rtx_conf_cm.o(.constdata)
    os_trv                                   0x0800b748   Data           4  rtx_conf_cm.o(.constdata)
    os_flags                                 0x0800b74c   Data           1  rtx_conf_cm.o(.constdata)
    CMSIS_RTOS_API_Version                   0x0800b750   Data           4  rtx_conf_cm.o(.constdata)
    CMSIS_RTOS_RTX_Version                   0x0800b754   Data           4  rtx_conf_cm.o(.constdata)
    os_clockrate                             0x0800b758   Data           4  rtx_conf_cm.o(.constdata)
    os_timernum                              0x0800b75c   Data           4  rtx_conf_cm.o(.constdata)
    mp_tcb_size                              0x0800b760   Data           2  rtx_conf_cm.o(.constdata)
    mp_stk_size                              0x0800b764   Data           4  rtx_conf_cm.o(.constdata)
    os_stack_sz                              0x0800b768   Data           4  rtx_conf_cm.o(.constdata)
    os_fifo_size                             0x0800b76c   Data           1  rtx_conf_cm.o(.constdata)
    os_thread_def_osTimerThread              0x0800b770   Data          16  rtx_conf_cm.o(.constdata)
    os_messageQ_def_osTimerMessageQ          0x0800b780   Data           8  rtx_conf_cm.o(.constdata)
    mp_tmr_size                              0x0800b788   Data           2  rtx_conf_cm.o(.constdata)
    os_thread_def_main                       0x0800b78c   Data          16  rtx_conf_cm.o(.constdata)
    APBAHBPrescTable                         0x0800b7a4   Data          16  stm32f4xx_hal_rcc.o(.constdata)
    AHBPrescTable                            0x0800b7b4   Data          16  system_stm32f4xx.o(.constdata)
    Region$$Table$$Base                      0x0800b860   Number         0  anon$$obj.o(Region$$Table)
    Region$$Table$$Limit                     0x0800b880   Number         0  anon$$obj.o(Region$$Table)
    period                                   0x20000000   Data           4  timer.o(.data)
    LEDtimer                                 0x20000008   Data           1  gpio.o(.data)
    LEDTracker                               0x20000009   Data           1  gpio.o(.data)
    overtemp                                 0x2000000a   Data           1  gpio.o(.data)
    UE_X                                     0x2000000c   Data           4  accel_thread.o(.data)
    UE_Y                                     0x20000010   Data           4  accel_thread.o(.data)
    UE_Z                                     0x20000014   Data           4  accel_thread.o(.data)
    CX                                       0x20000018   Data           4  accel_thread.o(.data)
    CY                                       0x2000001c   Data           4  accel_thread.o(.data)
    CZ                                       0x20000020   Data           4  accel_thread.o(.data)
    FIR_kernel                               0x20000024   Data          20  accel_thread.o(.data)
    current_axel_x                           0x20000038   Data           4  accel_thread.o(.data)
    current_axel_y                           0x2000003c   Data           4  accel_thread.o(.data)
    current_axel_z                           0x20000040   Data           4  accel_thread.o(.data)
    currentKeyVal                            0x20000044   Data           4  accel_thread.o(.data)
    accelReadFlag                            0x20000048   Data           1  accel_thread.o(.data)
    currPitch                                0x2000004c   Data           4  accel_thread.o(.data)
    currRoll                                 0x20000050   Data           4  accel_thread.o(.data)
    targetPitch                              0x20000054   Data           4  accel_thread.o(.data)
    targetRoll                               0x20000058   Data           4  accel_thread.o(.data)
    tid_Thread_accel                         0x2000005c   Data           4  accel_thread.o(.data)
    KB_counter                               0x20000060   Data           4  keyboard.o(.data)
    keyHeld                                  0x20000064   Data           4  keyboard.o(.data)
    keyPressed                               0x20000068   Data           1  keyboard.o(.data)
    lastKey                                  0x20000069   Data           1  keyboard.o(.data)
    currKey                                  0x2000006a   Data           1  keyboard.o(.data)
    delTimer                                 0x2000006c   Data           4  keyboard.o(.data)
    recurrTimer                              0x20000070   Data           4  keyboard.o(.data)
    numDigits                                0x20000074   Data           1  keyboard.o(.data)
    keybuffer                                0x20000075   Data           3  keyboard.o(.data)
    bufferCounter                            0x20000078   Data           1  keyboard.o(.data)
    phase                                    0x20000079   Data           1  keyboard.o(.data)
    tid_Thread_temp                          0x2000007c   Data           4  temp_thread.o(.data)
    rc                                       0x20000080   Data           1  temp_thread.o(.data)
    sensor_val                               0x20000084   Data           4  temp_thread.o(.data)
    segTracker                               0x20000088   Data           1  temp_thread.o(.data)
    temp_signal                              0x2000008c   Data           4  temp_thread.o(.data)
    temp_actual                              0x20000090   Data           4  temp_thread.o(.data)
    heatFiltered                             0x20000094   Data           4  temp_thread.o(.data)
    temp_f                                   0x20000098   Data           4  temp_thread.o(.data)
    tempMode                                 0x2000009c   Data           4  temp_thread.o(.data)
    overheatCounter                          0x200000a0   Data           2  temp_thread.o(.data)
    prevTemp                                 0x200000a4   Data           4  temp_thread.o(.data)
    DoADC                                    0x200000a8   Data           2  temp_thread.o(.data)
    segCounter                               0x200000aa   Data           1  temp_thread.o(.data)
    tempKeyVal                               0x200000ab   Data           1  temp_thread.o(.data)
    LIS3DSHTimeout                           0x200000ac   Data           4  lis3dsh.o(.data)
    osThreadId_osTimerThread                 0x200000b0   Data           4  rtx_conf_cm.o(.data)
    osMessageQId_osTimerMessageQ             0x200000b4   Data           4  rtx_conf_cm.o(.data)
    os_tmr                                   0x200000b8   Data           4  rtx_conf_cm.o(.data)
    m_tmr                                    0x200000bc   Data           4  rtx_conf_cm.o(.data)
    SystemCoreClock                          0x200000c4   Data           4  system_stm32f4xx.o(.data)
    os_initialized                           0x200000c8   Data           1  rt_cmsis.o(.data)
    os_running                               0x200000c9   Data           1  rt_cmsis.o(.data)
    os_timer_head                            0x200000cc   Data           4  rt_cmsis.o(.data)
    os_time                                  0x200000d0   Data           4  rt_time.o(.data)
    os_tsk                                   0x200000d4   Data           8  rt_task.o(.data)
    os_tick_irqn                             0x200000e0   Data           4  rt_system.o(.data)
    dbg_msg                                  0x200000e4   Data           1  hal_cm.o(.data)
    os_robin                                 0x200000e8   Data           8  rt_robin.o(.data)
    __stdout                                 0x200000f0   Data           4  stdout.o(.data)
    tim4handle                               0x200000f8   Data          60  timer.o(.bss)
    tim3handle                               0x20000134   Data          60  timer.o(.bss)
    pwmConf                                  0x20000170   Data          28  timer.o(.bss)
    tim4Config                               0x2000018c   Data          20  timer.o(.bss)
    GPIOE_Pins                               0x200001a0   Data          20  gpio.o(.bss)
    GPIOD_Pins                               0x200001b4   Data          20  gpio.o(.bss)
    GPIOC_Pins                               0x200001c8   Data          20  gpio.o(.bss)
    AccValues                                0x200001dc   Data          12  accel_thread.o(.bss)
    calib_axel                               0x200001e8   Data          12  accel_thread.o(.bss)
    FIR_inputx                               0x200001f4   Data          20  accel_thread.o(.bss)
    FIR_inputy                               0x20000208   Data          20  accel_thread.o(.bss)
    FIR_inputz                               0x2000021c   Data          20  accel_thread.o(.bss)
    kbPinsOut                                0x20000230   Data          20  keyboard.o(.bss)
    kbPinsIn                                 0x20000244   Data          20  keyboard.o(.bss)
    ADC_handle                               0x20000258   Data          68  adc.o(.bss)
    GPIO_handle                              0x2000029c   Data          40  temp_thread.o(.bss)
    heatData                                 0x200002c4   Data         200  temp_thread.o(.bss)
    coeffs                                   0x2000038c   Data         200  temp_thread.o(.bss)
    SpiHandle                                0x20000454   Data          88  lis3dsh.o(.bss)
    mp_tcb                                   0x200004b0   Data         376  rtx_conf_cm.o(.bss)
    mp_stk                                   0x20000628   Data        4816  rtx_conf_cm.o(.bss)
    os_stack_mem                             0x200018f8   Data        1256  rtx_conf_cm.o(.bss)
    os_fifo                                  0x20001de0   Data         132  rtx_conf_cm.o(.bss)
    os_active_TCB                            0x20001e64   Data          28  rtx_conf_cm.o(.bss)
    os_messageQ_q_osTimerMessageQ            0x20001e80   Data          32  rtx_conf_cm.o(.bss)
    os_idle_TCB                              0x20001ea0   Data          52  rt_task.o(.bss)
    os_rdy                                   0x20001ed4   Data          24  rt_list.o(.bss)
    os_dly                                   0x20001eec   Data          24  rt_list.o(.bss)
    __initial_sp                             0x20002308   Data           0  startup_stm32f407xx.o(STACK)



==============================================================================

Memory Map of the image

  Image Entry point : 0x08000189

  Load Region LR_IROM1 (Base: 0x08000000, Size: 0x0000b978, Max: 0x00100000, ABSOLUTE)

    Execution Region ER_IROM1 (Base: 0x08000000, Size: 0x0000b880, Max: 0x00100000, ABSOLUTE)

    Base Addr    Size         Type   Attr      Idx    E Section Name        Object

    0x08000000   0x00000188   Data   RO          906    RESET               startup_stm32f407xx.o
    0x08000188   0x00000000   Code   RO         2205  * .ARM.Collect$$$$00000000  mc_w.l(entry.o)
    0x08000188   0x00000004   Code   RO         2529    .ARM.Collect$$$$00000001  mc_w.l(entry2.o)
    0x0800018c   0x00000004   Code   RO         2532    .ARM.Collect$$$$00000004  mc_w.l(entry5.o)
    0x08000190   0x00000000   Code   RO         2534    .ARM.Collect$$$$00000008  mc_w.l(entry7b.o)
    0x08000190   0x00000000   Code   RO         2536    .ARM.Collect$$$$0000000A  mc_w.l(entry8b.o)
    0x08000190   0x00000000   Code   RO         2537    .ARM.Collect$$$$0000000D  mc_w.l(entry10a.o)
    0x08000190   0x00000000   Code   RO         2539    .ARM.Collect$$$$0000000F  mc_w.l(entry11a.o)
    0x08000190   0x00000018   Code   RO          481    .ARM.Collect$$$$000000FF  rtx_conf_cm.o
    0x080001a8   0x00000004   Code   RO         2530    .ARM.Collect$$$$00002712  mc_w.l(entry2.o)
    0x080001ac   0x00000198   Code   RO         2142    .emb_text           RTX_CM4.lib(hal_cm4.o)
    0x08000344   0x000000c8   Code   RO            4    .text               main.o
    0x0800040c   0x00000210   Code   RO          195    .text               timer.o
    0x0800061c   0x00000080   Code   RO          226    .text               stm32fxx_it.o
    0x0800069c   0x000001e0   Code   RO          259    .text               accelerometer.o
    0x0800087c   0x000002c4   Code   RO          292    .text               gpio.o
    0x08000b40   0x00000454   Code   RO          323    .text               accel_thread.o
    0x08000f94   0x000004cc   Code   RO          363    .text               keyboard.o
    0x08001460   0x00000134   Code   RO          392    .text               adc.o
    0x08001594   0x000003a4   Code   RO          422    .text               temp_thread.o
    0x08001938   0x000005c0   Code   RO          456    .text               lis3dsh.o
    0x08001ef8   0x00000026   Code   RO          482    .text               rtx_conf_cm.o
    0x08001f1e   0x00000002   PAD
    0x08001f20   0x000001b0   Code   RO          513    .text               stm32f4xx_hal.o
    0x080020d0   0x0000099c   Code   RO          539    .text               stm32f4xx_hal_adc.o
    0x08002a6c   0x00000720   Code   RO          563    .text               stm32f4xx_hal_adc_ex.o
    0x0800318c   0x00000374   Code   RO          587    .text               stm32f4xx_hal_cortex.o
    0x08003500   0x00000618   Code   RO          615    .text               stm32f4xx_hal_dma.o
    0x08003b18   0x000003cc   Code   RO          664    .text               stm32f4xx_hal_gpio.o
    0x08003ee4   0x00000a4c   Code   RO          736    .text               stm32f4xx_hal_rcc.o
    0x08004930   0x00001598   Code   RO          787    .text               stm32f4xx_hal_spi.o
    0x08005ec8   0x00002800   Code   RO          811    .text               stm32f4xx_hal_tim.o
    0x080086c8   0x00000d88   Code   RO          835    .text               stm32f4xx_hal_tim_ex.o
    0x08009450   0x00000024   Code   RO          907    .text               startup_stm32f407xx.o
    0x08009474   0x00000120   Code   RO          914    .text               system_stm32f4xx.o
    0x08009594   0x00000024   Code   RO         2210    .text               mc_w.l(memcpya.o)
    0x080095b8   0x00000024   Code   RO         2212    .text               mc_w.l(memseta.o)
    0x080095dc   0x0000014e   Code   RO         2477    .text               mf_w.l(dadd.o)
    0x0800972a   0x000000e4   Code   RO         2479    .text               mf_w.l(dmul.o)
    0x0800980e   0x000000de   Code   RO         2481    .text               mf_w.l(ddiv.o)
    0x080098ec   0x0000001a   Code   RO         2483    .text               mf_w.l(dfltui.o)
    0x08009906   0x00000026   Code   RO         2485    .text               mf_w.l(f2d.o)
    0x0800992c   0x00000038   Code   RO         2487    .text               mf_w.l(d2f.o)
    0x08009964   0x0000002c   Code   RO         2544    .text               mc_w.l(uidiv.o)
    0x08009990   0x0000001e   Code   RO         2546    .text               mc_w.l(llshl.o)
    0x080099ae   0x00000020   Code   RO         2548    .text               mc_w.l(llushr.o)
    0x080099ce   0x00000024   Code   RO         2550    .text               mc_w.l(llsshr.o)
    0x080099f2   0x00000000   Code   RO         2559    .text               mc_w.l(iusefp.o)
    0x080099f2   0x0000006e   Code   RO         2560    .text               mf_w.l(fepilogue.o)
    0x08009a60   0x000000ba   Code   RO         2562    .text               mf_w.l(depilogue.o)
    0x08009b1a   0x000000a2   Code   RO         2566    .text               mf_w.l(dsqrt.o)
    0x08009bbc   0x00000024   Code   RO         2574    .text               mc_w.l(init.o)
    0x08009be0   0x00000000   Code   RO         2576    .text               mc_w.l(semi.o)
    0x08009be0   0x00000000   Code   RO         2577    .text               mc_w.l(iusesemip.o)
    0x08009be0   0x00000004   Code   RO         2152    SVC_TABLE           RTX_CM4.lib(svc_table.o)
    0x08009be4   0x00000020   Code   RO         2261    i.__0printf$1       mc_w.l(printf1.o)
    0x08009c04   0x00000030   Code   RO         2509    i.__ARM_fpclassify  m_wm.l(fpclassify.o)
    0x08009c34   0x00000026   Code   RO         2511    i.__ARM_fpclassifyf  m_wm.l(fpclassifyf.o)
    0x08009c5a   0x00000006   PAD
    0x08009c60   0x000002d8   Code   RO         2155    i.__hardfp_atan     m_wm.l(atan.o)
    0x08009f38   0x00000250   Code   RO         2169    i.__hardfp_atan2f   m_wm.l(atan2f.o)
    0x0800a188   0x0000007a   Code   RO         2181    i.__hardfp_sqrt     m_wm.l(sqrt.o)
    0x0800a202   0x0000003a   Code   RO         2193    i.__hardfp_sqrtf    m_wm.l(sqrtf.o)
    0x0800a23c   0x000000f8   Code   RO         2527    i.__kernel_poly     m_wm.l(poly.o)
    0x0800a334   0x00000014   Code   RO         2490    i.__mathlib_dbl_infnan  m_wm.l(dunder.o)
    0x0800a348   0x00000020   Code   RO         2495    i.__mathlib_dbl_underflow  m_wm.l(dunder.o)
    0x0800a368   0x00000006   Code   RO         2515    i.__mathlib_flt_infnan2  m_wm.l(funder.o)
    0x0800a36e   0x00000002   PAD
    0x0800a370   0x00000010   Code   RO         2519    i.__mathlib_flt_underflow  m_wm.l(funder.o)
    0x0800a380   0x0000000e   Code   RO         2580    i.__scatterload_copy  mc_w.l(handlers.o)
    0x0800a38e   0x00000002   Code   RO         2581    i.__scatterload_null  mc_w.l(handlers.o)
    0x0800a390   0x0000000e   Code   RO         2582    i.__scatterload_zeroinit  mc_w.l(handlers.o)
    0x0800a39e   0x00000002   PAD
    0x0800a3a0   0x0000000c   Code   RO         2554    i.__set_errno       mc_w.l(errno.o)
    0x0800a3ac   0x00000046   Code   RO         2015    i._init_box         RTX_CM4.lib(rt_membox.o)
    0x0800a3f2   0x00000002   PAD
    0x0800a3f4   0x00000154   Code   RO         2268    i._printf_core      mc_w.l(printf1.o)
    0x0800a548   0x00000030   Code   RO         2068    i.dbg_init          RTX_CM4.lib(hal_cm.o)
    0x0800a578   0x00000020   Code   RO         2069    i.dbg_task_notify   RTX_CM4.lib(hal_cm.o)
    0x0800a598   0x00000010   Code   RO         2070    i.dbg_task_switch   RTX_CM4.lib(hal_cm.o)
    0x0800a5a8   0x00000018   Code   RO         2505    i.fabs              m_wm.l(fabs.o)
    0x0800a5c0   0x00000012   Code   RO         2541    i.fputc             mc_w.l(fputc.o)
    0x0800a5d2   0x0000002a   Code   RO          945    i.isrMessageGet     RTX_CM4.lib(rt_cmsis.o)
    0x0800a5fc   0x0000002c   Code   RO          946    i.isrMessagePut     RTX_CM4.lib(rt_cmsis.o)
    0x0800a628   0x00000056   Code   RO         1894    i.isr_mbx_receive   RTX_CM4.lib(rt_mailbox.o)
    0x0800a67e   0x0000000e   Code   RO         1895    i.isr_mbx_send      RTX_CM4.lib(rt_mailbox.o)
    0x0800a68c   0x00000018   Code   RO          949    i.osDelay           RTX_CM4.lib(rt_cmsis.o)
    0x0800a6a4   0x00000024   Code   RO          950    i.osKernelInitialize  RTX_CM4.lib(rt_cmsis.o)
    0x0800a6c8   0x0000006c   Code   RO          952    i.osKernelStart     RTX_CM4.lib(rt_cmsis.o)
    0x0800a734   0x00000018   Code   RO          961    i.osMessageGet      RTX_CM4.lib(rt_cmsis.o)
    0x0800a74c   0x0000002c   Code   RO          978    i.osThreadCreate    RTX_CM4.lib(rt_cmsis.o)
    0x0800a778   0x00000018   Code   RO          979    i.osThreadExit      RTX_CM4.lib(rt_cmsis.o)
    0x0800a790   0x00000018   Code   RO          980    i.osThreadGetId     RTX_CM4.lib(rt_cmsis.o)
    0x0800a7a8   0x00000018   Code   RO          983    i.osThreadTerminate  RTX_CM4.lib(rt_cmsis.o)
    0x0800a7c0   0x0000000c   Code   RO          985    i.osTimerCall       RTX_CM4.lib(rt_cmsis.o)
    0x0800a7cc   0x0000002c   Code   RO          990    i.osTimerThread     RTX_CM4.lib(rt_cmsis.o)
    0x0800a7f8   0x00000028   Code   RO         1682    i.os_tick_init      RTX_CM4.lib(rt_system.o)
    0x0800a820   0x00000002   Code   RO         1683    i.os_tick_irqack    RTX_CM4.lib(rt_system.o)
    0x0800a822   0x0000001a   Code   RO         2016    i.rt_alloc_box      RTX_CM4.lib(rt_membox.o)
    0x0800a83c   0x0000003e   Code   RO         2044    i.rt_alloc_mem      RTX_CM4.lib(rt_memory.o)
    0x0800a87a   0x00000002   PAD
    0x0800a87c   0x00000038   Code   RO         1597    i.rt_block          RTX_CM4.lib(rt_task.o)
    0x0800a8b4   0x00000048   Code   RO         2121    i.rt_chk_robin      RTX_CM4.lib(rt_robin.o)
    0x0800a8fc   0x00000070   Code   RO         1818    i.rt_dec_dly        RTX_CM4.lib(rt_list.o)
    0x0800a96c   0x00000044   Code   RO         1598    i.rt_dispatch       RTX_CM4.lib(rt_task.o)
    0x0800a9b0   0x00000006   Code   RO         1564    i.rt_dly_wait       RTX_CM4.lib(rt_time.o)
    0x0800a9b6   0x00000002   PAD
    0x0800a9b8   0x00000050   Code   RO         1775    i.rt_evt_psh        RTX_CM4.lib(rt_event.o)
    0x0800aa08   0x0000002c   Code   RO         2017    i.rt_free_box       RTX_CM4.lib(rt_membox.o)
    0x0800aa34   0x00000028   Code   RO         2045    i.rt_free_mem       RTX_CM4.lib(rt_memory.o)
    0x0800aa5c   0x00000028   Code   RO         1819    i.rt_get_first      RTX_CM4.lib(rt_list.o)
    0x0800aa84   0x00000008   Code   RO          995    i.rt_id2obj         RTX_CM4.lib(rt_cmsis.o)
    0x0800aa8c   0x00000048   Code   RO         1599    i.rt_init_context   RTX_CM4.lib(rt_task.o)
    0x0800aad4   0x0000001a   Code   RO         2046    i.rt_init_mem       RTX_CM4.lib(rt_memory.o)
    0x0800aaee   0x00000002   PAD
    0x0800aaf0   0x00000018   Code   RO         2122    i.rt_init_robin     RTX_CM4.lib(rt_robin.o)
    0x0800ab08   0x00000080   Code   RO         2071    i.rt_init_stack     RTX_CM4.lib(hal_cm.o)
    0x0800ab88   0x00000008   Code   RO         1896    i.rt_mbx_check      RTX_CM4.lib(rt_mailbox.o)
    0x0800ab90   0x0000001a   Code   RO         1897    i.rt_mbx_init       RTX_CM4.lib(rt_mailbox.o)
    0x0800abaa   0x00000002   PAD
    0x0800abac   0x000000f0   Code   RO         1898    i.rt_mbx_psh        RTX_CM4.lib(rt_mailbox.o)
    0x0800ac9c   0x000000b4   Code   RO         1900    i.rt_mbx_wait       RTX_CM4.lib(rt_mailbox.o)
    0x0800ad50   0x00000044   Code   RO          996    i.rt_ms2tick        RTX_CM4.lib(rt_cmsis.o)
    0x0800ad94   0x0000007c   Code   RO         1686    i.rt_pop_req        RTX_CM4.lib(rt_system.o)
    0x0800ae10   0x00000020   Code   RO         1687    i.rt_psh_req        RTX_CM4.lib(rt_system.o)
    0x0800ae30   0x0000005c   Code   RO         1821    i.rt_psq_enq        RTX_CM4.lib(rt_list.o)
    0x0800ae8c   0x00000048   Code   RO         1822    i.rt_put_dly        RTX_CM4.lib(rt_list.o)
    0x0800aed4   0x00000036   Code   RO         1823    i.rt_put_prio       RTX_CM4.lib(rt_list.o)
    0x0800af0a   0x00000002   PAD
    0x0800af0c   0x00000014   Code   RO         1824    i.rt_put_rdy_first  RTX_CM4.lib(rt_list.o)
    0x0800af20   0x00000034   Code   RO         1825    i.rt_resort_prio    RTX_CM4.lib(rt_list.o)
    0x0800af54   0x00000010   Code   RO         2072    i.rt_ret_regs       RTX_CM4.lib(hal_cm.o)
    0x0800af64   0x0000000c   Code   RO         2073    i.rt_ret_val        RTX_CM4.lib(hal_cm.o)
    0x0800af70   0x00000010   Code   RO         2074    i.rt_ret_val2       RTX_CM4.lib(hal_cm.o)
    0x0800af80   0x00000028   Code   RO         1826    i.rt_rmv_dly        RTX_CM4.lib(rt_list.o)
    0x0800afa8   0x00000030   Code   RO         1827    i.rt_rmv_list       RTX_CM4.lib(rt_list.o)
    0x0800afd8   0x00000034   Code   RO         1945    i.rt_sem_psh        RTX_CM4.lib(rt_semaphore.o)
    0x0800b00c   0x00000024   Code   RO         1689    i.rt_stk_check      RTX_CM4.lib(rt_system.o)
    0x0800b030   0x00000028   Code   RO         1600    i.rt_switch_req     RTX_CM4.lib(rt_task.o)
    0x0800b058   0x000000cc   Code   RO         1601    i.rt_sys_init       RTX_CM4.lib(rt_task.o)
    0x0800b124   0x00000078   Code   RO         1602    i.rt_sys_start      RTX_CM4.lib(rt_task.o)
    0x0800b19c   0x00000040   Code   RO         1691    i.rt_systick        RTX_CM4.lib(rt_system.o)
    0x0800b1dc   0x00000012   Code   RO          997    i.rt_tid2ptcb       RTX_CM4.lib(rt_cmsis.o)
    0x0800b1ee   0x00000002   PAD
    0x0800b1f0   0x00000034   Code   RO          998    i.rt_timer_insert   RTX_CM4.lib(rt_cmsis.o)
    0x0800b224   0x00000088   Code   RO         1603    i.rt_tsk_create     RTX_CM4.lib(rt_task.o)
    0x0800b2ac   0x0000017c   Code   RO         1604    i.rt_tsk_delete     RTX_CM4.lib(rt_task.o)
    0x0800b428   0x0000007c   Code   RO         1606    i.rt_tsk_prio       RTX_CM4.lib(rt_task.o)
    0x0800b4a4   0x00000010   Code   RO         1607    i.rt_tsk_self       RTX_CM4.lib(rt_task.o)
    0x0800b4b4   0x00000012   Code   RO         1000    i.svcDelay          RTX_CM4.lib(rt_cmsis.o)
    0x0800b4c6   0x00000002   PAD
    0x0800b4c8   0x00000070   Code   RO         1001    i.svcKernelInitialize  RTX_CM4.lib(rt_cmsis.o)
    0x0800b538   0x00000048   Code   RO         1003    i.svcKernelStart    RTX_CM4.lib(rt_cmsis.o)
    0x0800b580   0x00000024   Code   RO         1006    i.svcMessageCreate  RTX_CM4.lib(rt_cmsis.o)
    0x0800b5a4   0x0000003a   Code   RO         1007    i.svcMessageGet     RTX_CM4.lib(rt_cmsis.o)
    0x0800b5de   0x00000002   PAD
    0x0800b5e0   0x0000006c   Code   RO         1021    i.svcThreadCreate   RTX_CM4.lib(rt_cmsis.o)
    0x0800b64c   0x0000001c   Code   RO         1022    i.svcThreadGetId    RTX_CM4.lib(rt_cmsis.o)
    0x0800b668   0x00000038   Code   RO         1025    i.svcThreadTerminate  RTX_CM4.lib(rt_cmsis.o)
    0x0800b6a0   0x00000018   Code   RO         1027    i.svcTimerCall      RTX_CM4.lib(rt_cmsis.o)
    0x0800b6b8   0x0000005c   Code   RO         1036    i.sysTimerTick      RTX_CM4.lib(rt_cmsis.o)
    0x0800b714   0x00000010   Data   RO          325    .constdata          accel_thread.o
    0x0800b724   0x00000010   Data   RO          424    .constdata          temp_thread.o
    0x0800b734   0x00000068   Data   RO          484    .constdata          rtx_conf_cm.o
    0x0800b79c   0x00000008   Data   RO          616    .constdata          stm32f4xx_hal_dma.o
    0x0800b7a4   0x00000010   Data   RO          737    .constdata          stm32f4xx_hal_rcc.o
    0x0800b7b4   0x00000010   Data   RO          915    .constdata          system_stm32f4xx.o
    0x0800b7c4   0x00000004   PAD
    0x0800b7c8   0x00000098   Data   RO         2158    .constdata          m_wm.l(atan.o)
    0x0800b860   0x00000020   Data   RO         2578    Region$$Table       anon$$obj.o


    Execution Region RW_IRAM1 (Base: 0x20000000, Size: 0x00002308, Max: 0x00020000, ABSOLUTE)

    Base Addr    Size         Type   Attr      Idx    E Section Name        Object

    0x20000000   0x00000004   Data   RW          197    .data               timer.o
    0x20000004   0x00000004   Data   RW          260    .data               accelerometer.o
    0x20000008   0x00000003   Data   RW          294    .data               gpio.o
    0x2000000b   0x00000001   PAD
    0x2000000c   0x00000054   Data   RW          326    .data               accel_thread.o
    0x20000060   0x0000001a   Data   RW          365    .data               keyboard.o
    0x2000007a   0x00000002   PAD
    0x2000007c   0x00000030   Data   RW          425    .data               temp_thread.o
    0x200000ac   0x00000004   Data   RW          458    .data               lis3dsh.o
    0x200000b0   0x00000010   Data   RW          485    .data               rtx_conf_cm.o
    0x200000c0   0x00000004   Data   RW          514    .data               stm32f4xx_hal.o
    0x200000c4   0x00000004   Data   RW          916    .data               system_stm32f4xx.o
    0x200000c8   0x00000008   Data   RW         1039    .data               RTX_CM4.lib(rt_cmsis.o)
    0x200000d0   0x00000004   Data   RW         1568    .data               RTX_CM4.lib(rt_time.o)
    0x200000d4   0x00000008   Data   RW         1609    .data               RTX_CM4.lib(rt_task.o)
    0x200000dc   0x00000008   Data   RW         1694    .data               RTX_CM4.lib(rt_system.o)
    0x200000e4   0x00000001   Data   RW         2075    .data               RTX_CM4.lib(hal_cm.o)
    0x200000e5   0x00000003   PAD
    0x200000e8   0x00000008   Data   RW         2123    .data               RTX_CM4.lib(rt_robin.o)
    0x200000f0   0x00000004   Data   RW         2543    .data               mc_w.l(stdout.o)
    0x200000f4   0x00000004   Data   RW         2555    .data               mc_w.l(errno.o)
    0x200000f8   0x000000a8   Zero   RW          196    .bss                timer.o
    0x200001a0   0x0000003c   Zero   RW          293    .bss                gpio.o
    0x200001dc   0x00000054   Zero   RW          324    .bss                accel_thread.o
    0x20000230   0x00000028   Zero   RW          364    .bss                keyboard.o
    0x20000258   0x00000044   Zero   RW          393    .bss                adc.o
    0x2000029c   0x000001b8   Zero   RW          423    .bss                temp_thread.o
    0x20000454   0x00000058   Zero   RW          457    .bss                lis3dsh.o
    0x200004ac   0x00000004   PAD
    0x200004b0   0x000019f0   Zero   RW          483    .bss                rtx_conf_cm.o
    0x20001ea0   0x00000034   Zero   RW         1608    .bss                RTX_CM4.lib(rt_task.o)
    0x20001ed4   0x00000030   Zero   RW         1828    .bss                RTX_CM4.lib(rt_list.o)
    0x20001f04   0x00000004   PAD
    0x20001f08   0x00000400   Zero   RW          904    STACK               startup_stm32f407xx.o


==============================================================================

Image component sizes


      Code (inc. data)   RO Data    RW Data    ZI Data      Debug   Object Name

      1108        116         16         84         84       4372   accel_thread.o
       480         18          0          4          0       2267   accelerometer.o
       308        102          0          0         68       1476   adc.o
       708         28          0          3         60       3316   gpio.o
      1228        102          0         26         40       4064   keyboard.o
      1472        120          0          4         88       4889   lis3dsh.o
       200         14          0          0          0     396509   main.o
        62          6        104         16       6640       7574   rtx_conf_cm.o
        36          8        392          0       1024        844   startup_stm32f407xx.o
       432         26          0          4          0       5158   stm32f4xx_hal.o
      2460         70          0          0          0       7715   stm32f4xx_hal_adc.o
      1824         40          0          0          0       5834   stm32f4xx_hal_adc_ex.o
       884         22          0          0          0      35739   stm32f4xx_hal_cortex.o
      1560         16          8          0          0       5156   stm32f4xx_hal_dma.o
       972         50          0          0          0       3975   stm32f4xx_hal_gpio.o
      2636         66         16          0          0       5910   stm32f4xx_hal_rcc.o
      5528         54          0          0          0      13424   stm32f4xx_hal_spi.o
     10240        152          0          0          0      31166   stm32f4xx_hal_tim.o
      3464         26          0          0          0      11966   stm32f4xx_hal_tim_ex.o
       128         28          0          0          0       9936   stm32fxx_it.o
       288         32         16          4          0       1619   system_stm32f4xx.o
       932        156         16         48        440       4958   temp_thread.o
       528         36          0          4        168       2399   timer.o

    ----------------------------------------------------------------------
     37480       1288        604        200       8616     570266   Object Totals
         0          0         32          0          0          0   (incl. Generated)
         2          0          4          3          4          0   (incl. Padding)

    ----------------------------------------------------------------------

      Code (inc. data)   RO Data    RW Data    ZI Data      Debug   Library Member Name

       268         24          0          1          0       4524   hal_cm.o
       408         34          0          0          0        824   hal_cm4.o
      1200        156          0          8          0      36986   rt_cmsis.o
        80          4          0          0          0        709   rt_event.o
       530         34          0          0         48       8685   rt_list.o
       554         10          0          0          0       4237   rt_mailbox.o
       140          0          0          0          0       2069   rt_membox.o
       128          0          0          0          0       2451   rt_memory.o
        96         22          0          8          0       1254   rt_robin.o
        52          4          0          0          0        621   rt_semaphore.o
       298         52          0          8          0       6511   rt_system.o
      1216        174          0          8         52      10129   rt_task.o
         6          0          0          4          0        700   rt_time.o
         4          4          0          0          0        208   svc_table.o
       728        106        152          0          0        228   atan.o
       592         90          0          0          0        184   atan2f.o
        52          8          0          0          0        248   dunder.o
        24          0          0          0          0        124   fabs.o
        48          0          0          0          0        124   fpclassify.o
        38          0          0          0          0        116   fpclassifyf.o
        22          6          0          0          0        232   funder.o
       248          0          0          0          0        152   poly.o
       122          0          0          0          0        148   sqrt.o
        58          0          0          0          0        136   sqrtf.o
         0          0          0          0          0          0   entry.o
         0          0          0          0          0          0   entry10a.o
         0          0          0          0          0          0   entry11a.o
         8          4          0          0          0          0   entry2.o
         4          0          0          0          0          0   entry5.o
         0          0          0          0          0          0   entry7b.o
         0          0          0          0          0          0   entry8b.o
        12          6          0          4          0         68   errno.o
        18          0          0          0          0         80   fputc.o
        30          0          0          0          0          0   handlers.o
        36          8          0          0          0         68   init.o
         0          0          0          0          0          0   iusefp.o
         0          0          0          0          0          0   iusesemip.o
        30          0          0          0          0         68   llshl.o
        36          0          0          0          0         68   llsshr.o
        32          0          0          0          0         68   llushr.o
        36          0          0          0          0         68   memcpya.o
        36          0          0          0          0        108   memseta.o
       372         14          0          0          0        184   printf1.o
         0          0          0          0          0          0   semi.o
         0          0          0          4          0          0   stdout.o
        44          0          0          0          0         80   uidiv.o
        56          0          0          0          0         88   d2f.o
       334          0          0          0          0        148   dadd.o
       222          0          0          0          0        100   ddiv.o
       186          0          0          0          0        176   depilogue.o
        26          0          0          0          0         76   dfltui.o
       228          0          0          0          0         96   dmul.o
       162          0          0          0          0        100   dsqrt.o
        38          0          0          0          0         68   f2d.o
       110          0          0          0          0        168   fepilogue.o

    ----------------------------------------------------------------------
      8996        760        152         48        104      83480   Library Totals
        28          0          0          3          4          0   (incl. Padding)

    ----------------------------------------------------------------------

      Code (inc. data)   RO Data    RW Data    ZI Data      Debug   Library Name

      4980        518          0         37        100      79908   RTX_CM4.lib
      1932        210        152          0          0       1692   m_wm.l
       694         32          0          8          0        860   mc_w.l
      1362          0          0          0          0       1020   mf_w.l

    ----------------------------------------------------------------------
      8996        760        152         48        104      83480   Library Totals

    ----------------------------------------------------------------------

==============================================================================


      Code (inc. data)   RO Data    RW Data    ZI Data      Debug   

     46476       2048        756        248       8720     638866   Grand Totals
     46476       2048        756        248       8720     638866   ELF Image Totals
     46476       2048        756        248          0          0   ROM Totals

==============================================================================

    Total RO  Size (Code + RO Data)                47232 (  46.13kB)
    Total RW  Size (RW Data + ZI Data)              8968 (   8.76kB)
    Total ROM Size (Code + RO Data + RW Data)      47480 (  46.37kB)

==============================================================================

