<html>
<body>
<pre>
<h1>µVision Build Log</h1>
<h2>Tool Versions:</h2>
IDE-Version: µVision V5.15
Copyright (C) 2015 ARM Ltd and ARM Germany GmbH. All rights reserved.
License Information: McGill USER McGill University Flex license: MDK-ARM Professional: 100 user(s) (mdk_pro) Operation stops: 31 Aug 2017
 
Tool Versions:
Toolchain:       MDK-ARM Professional: 100 user(s)  Version: 5.15.0
Toolchain Path:  C:\McGill\Software_Install\EDU\Keil_v5\ARM\ARMCC\Bin
C Compiler:      Armcc.exe V5.05 update 2 (build 169)
Assembler:       Armasm.exe V5.05 update 2 (build 169)
Linker/Locator:  ArmLink.exe V5.05 update 2 (build 169)
Library Manager: ArmAr.exe V5.05 update 2 (build 169)
Hex Converter:   FromElf.exe V5.05 update 2 (build 169)
CPU DLL:         SARMCM3.DLL V5.15.0
Dialog DLL:      DCM.DLL V1.13.2.0
Target DLL:      STLink\ST-LINKIII-KEIL_SWO.dll V2.0.15.0_KEIL
Dialog DLL:      TCM.DLL V1.14.5.0
 
<h2>Project:</h2>
P:\Lab3_STM32F4Cube_Base_project\LAB3\lab3base\lab3_stm32f4cube_base_project\Base_Project.uvprojx
Project File Date:  03/13/2017

<h2>Output:</h2>
*** Using Compiler 'V5.06 update 4 (build 422)', folder: 'C:\McGill\Software_Install\EDU\Keil_v5\ARM\ARMCC\Bin'
Build target 'Lab 3'
compiling main.c...
.\Headers\accelerometer.h(14): warning:  #1-D: last line of file ends without a newline
  #endif
.\Headers\gpio.h(7): warning:  #1-D: last line of file ends without a newline
  #endif
.\Headers\timer.h(9): warning:  #1295-D: Deprecated declaration initTimer - give arg types
  void initTimer();
.\keyboard.h(16): warning:  #1295-D: Deprecated declaration calcNum - give arg types
  uint8_t calcNum();
.\keyboard.h(19): warning:  #1-D: last line of file ends without a newline
  #endif
.\defines.h(9): warning:  #1-D: last line of file ends without a newline
  #endif
Sources\main.c(40): warning:  #1295-D: Deprecated declaration getPitch - give arg types
  float getPitch();
Sources\main.c(41): warning:  #1295-D: Deprecated declaration getRoll - give arg types
  float getRoll();
Sources\main.c(110): warning:  #1035-D: single-precision operand implicitly converted to double-precision
                                currPitch=180.0-currPitch;
Sources\main.c(111): warning:  #1035-D: single-precision operand implicitly converted to double-precision
                                currRoll=180.0-currRoll;
Sources\main.c(66): warning:  #177-D: variable "LAMA" was declared but never referenced
        float LAMA[3];
Sources\main.c(74): warning:  #177-D: variable "dummy" was declared but never referenced
        uint32_t dummy =0;
Sources\main.c(145): warning:  #1035-D: single-precision operand implicitly converted to double-precision
        return rad*180/
I;
Sources\main.c(157): warning:  #1035-D: single-precision operand implicitly converted to double-precision
        rval = 100.0*((fabsf((float)target-(float)current))/180.0);
Sources\main.c: 14 warnings, 0 errors
linking...
Program Size: Code=12544 RO-data=592 RW-data=132 ZI-data=1348  
".\Objects\Base_Project.axf" - 0 Error(s), 14 Warning(s).

<h2>Software Packages used:</h2>

Package Vendor: ARM
                http://www.keil.com/pack/ARM.CMSIS.5.0.0.pack
                ARM::CMSIS:CORE:5.0.0
                CMSIS (Cortex Microcontroller Software Interface Standard)
   * Component: CORE Version: 5.0.0
   * Component: DSP Version: 1.4.6

Package Vendor: Keil
                http://www.keil.com/pack/Keil.STM32F4xx_DFP.2.8.0.pack
                ::Device:STM32Cube Framework:1.0.0 (API)
                STMicroelectronics STM32F4 Series Device Support, Drivers and Examples
   * Component: STM32Cube Framework Version: 1.0.0
   * Component: Common Version: 1.4.2
   * Component: Classic Version: 1.4.2
   * Component: Startup Version: 2.4.2
   * Component: ADC Version: 1.4.2
   * Component: Cortex Version: 1.4.2
   * Component: DMA Version: 1.4.2
   * Component: TIM Version: 1.4.2
   * Component: UART Version: 1.4.2
   * Component: I2C Version: 1.4.2
   * Component: I2S Version: 1.4.2
   * Component: RTC Version: 1.4.2
   * Component: SPI Version: 1.4.2
   * Component: RCC Version: 1.4.2
   * Component: USART Version: 1.4.2
   * Component: GPIO Version: 1.4.2
   * Component: SRAM Version: 1.4.2
   * Component: PWR Version: 1.4.2
   * Component: Flash Version: 1.4.2

<h2>Collection of Component include folders:</h2>
  P:\Lab3_STM32F4Cube_Base_project\LAB3\lab3base\lab3_stm32f4cube_base_project\RTE
  P:\Lab3_STM32F4Cube_Base_project\LAB3\lab3base\lab3_stm32f4cube_base_project\RTE\Device\STM32F407VGTx
  C:\McGill\Software_Install\EDU\Keil_v5\ARM\PACK\ARM\CMSIS\5.0.0\CMSIS\Include
  C:\McGill\Software_Install\EDU\Keil_v5\ARM\PACK\Keil\STM32F4xx_DFP\2.8.0\Drivers\CMSIS\Device\ST\STM32F4xx\Include
  C:\McGill\Software_Install\EDU\Keil_v5\ARM\PACK\Keil\STM32F4xx_DFP\2.8.0\Drivers\STM32F4xx_HAL_Driver\Inc

<h2>Collection of Component Files used:</h2>

   * Component: ARM::CMSIS:CORE:5.0.0

   * Component: ARM::CMSIS:DSP:1.4.6
      Include file:  CMSIS\Include\arm_math.h
      Library file:  CMSIS\Lib\ARM\arm_cortexM4lf_math.lib

   * Component: ::Device:STM32Cube Framework:1.0.0 (API)

   * Component: Keil::Device:STM32Cube HAL:Common:1.4.2
      Include file:  Drivers\STM32F4xx_HAL_Driver\Inc\stm32f4xx_hal.h
      Source file:   Drivers\STM32F4xx_HAL_Driver\Src\stm32f4xx_hal.c

   * Component: Keil::Device:STM32Cube Framework:Classic:1.4.2
      Source file:   MDK\Templates\Src\stm32f4xx_hal_msp.c
      Include file:  MDK\Templates\Inc\main.h
      Include file:  CMSIS\Driver\Config\RTE_Device.h
      Source file:   MDK\Templates\Src\main.c
      Include file:  MDK\Templates\Inc\stm32f4xx_it.h
      Source file:   MDK\Templates\Src\stm32f4xx_it.c
      Include file:  MDK\Templates\Inc\stm32f4xx_hal_conf.h

   * Component: Keil::Device:Startup:2.4.2
      Source file:   MDK\Device\Source\ARM\STM32F4xx_OTP.s
      Include file:  Drivers\CMSIS\Device\ST\STM32F4xx\Include\stm32f4xx.h
      Source file:   MDK\Device\Source\ARM\STM32F40xxx_41xxx_OPT.s
      Source file:   Drivers\CMSIS\Device\ST\STM32F4xx\Source\Templates\arm\startup_stm32f407xx.s
      Source file:   Drivers\CMSIS\Device\ST\STM32F4xx\Source\Templates\system_stm32f4xx.c

   * Component: Keil::Device:STM32Cube HAL:ADC:1.4.2
      Source file:   Drivers\STM32F4xx_HAL_Driver\Src\stm32f4xx_hal_adc.c
      Source file:   Drivers\STM32F4xx_HAL_Driver\Src\stm32f4xx_hal_adc_ex.c

   * Component: Keil::Device:STM32Cube HAL:Cortex:1.4.2
      Source file:   Drivers\STM32F4xx_HAL_Driver\Src\stm32f4xx_hal_cortex.c

   * Component: Keil::Device:STM32Cube HAL:DMA:1.4.2
      Source file:   Drivers\STM32F4xx_HAL_Driver\Src\stm32f4xx_hal_dma.c
      Source file:   Drivers\STM32F4xx_HAL_Driver\Src\stm32f4xx_hal_dma_ex.c

   * Component: Keil::Device:STM32Cube HAL:TIM:1.4.2
      Source file:   Drivers\STM32F4xx_HAL_Driver\Src\stm32f4xx_hal_tim.c
      Source file:   Drivers\STM32F4xx_HAL_Driver\Src\stm32f4xx_hal_tim_ex.c

   * Component: Keil::Device:STM32Cube HAL:UART:1.4.2
      Source file:   Drivers\STM32F4xx_HAL_Driver\Src\stm32f4xx_hal_uart.c

   * Component: Keil::Device:STM32Cube HAL:I2C:1.4.2
      Source file:   Drivers\STM32F4xx_HAL_Driver\Src\stm32f4xx_hal_i2c.c

   * Component: Keil::Device:STM32Cube HAL:I2S:1.4.2
      Source file:   Drivers\STM32F4xx_HAL_Driver\Src\stm32f4xx_hal_i2s_ex.c
      Source file:   Drivers\STM32F4xx_HAL_Driver\Src\stm32f4xx_hal_i2s.c

   * Component: Keil::Device:STM32Cube HAL:RTC:1.4.2
      Source file:   Drivers\STM32F4xx_HAL_Driver\Src\stm32f4xx_hal_rtc.c
      Source file:   Drivers\STM32F4xx_HAL_Driver\Src\stm32f4xx_hal_rtc_ex.c

   * Component: Keil::Device:STM32Cube HAL:SPI:1.4.2
      Source file:   Drivers\STM32F4xx_HAL_Driver\Src\stm32f4xx_hal_spi.c

   * Component: Keil::Device:STM32Cube HAL:RCC:1.4.2
      Source file:   Drivers\STM32F4xx_HAL_Driver\Src\stm32f4xx_hal_rcc.c
      Source file:   Drivers\STM32F4xx_HAL_Driver\Src\stm32f4xx_hal_rcc_ex.c

   * Component: Keil::Device:STM32Cube HAL:USART:1.4.2
      Source file:   Drivers\STM32F4xx_HAL_Driver\Src\stm32f4xx_hal_usart.c

   * Component: Keil::Device:STM32Cube HAL:GPIO:1.4.2
      Source file:   Drivers\STM32F4xx_HAL_Driver\Src\stm32f4xx_hal_gpio.c

   * Component: Keil::Device:STM32Cube HAL:SRAM:1.4.2
      Source file:   Drivers\STM32F4xx_HAL_Driver\Src\stm32f4xx_hal_sram.c
      Source file:   Drivers\STM32F4xx_HAL_Driver\Src\stm32f4xx_ll_fsmc.c

   * Component: Keil::Device:STM32Cube HAL:PWR:1.4.2
      Source file:   Drivers\STM32F4xx_HAL_Driver\Src\stm32f4xx_hal_pwr_ex.c
      Source file:   Drivers\STM32F4xx_HAL_Driver\Src\stm32f4xx_hal_pwr.c

   * Component: Keil::Device:STM32Cube HAL:Flash:1.4.2
      Source file:   Drivers\STM32F4xx_HAL_Driver\Src\stm32f4xx_hal_flash.c
      Source file:   Drivers\STM32F4xx_HAL_Driver\Src\stm32f4xx_hal_flash_ex.c
</pre>
</body>
</html>
